🧠 自主思考守护进程
============================================================
[2026-05-04 10:54:02] [思考守护进程] 注册 StopHook: auto_consolidation
[2026-05-04 10:54:02] [思考守护进程] 注册 StopHook: memory_extraction
[2026-05-04 10:54:02] [思考守护进程] 注册 StopHook: health_check
[2026-05-04 10:54:02] [思考守护进程] 加载状态: 已运行 82 轮
[2026-05-04 10:54:02] [思考守护进程] 自主思考守护进程初始化完成
[2026-05-04 10:54:02] [思考守护进程] 守护线程开始运行 (KAIROS Tick 模式)
[2026-05-04 10:54:02] [思考守护进程] 自主思考守护进程已启动
[2026-05-04 10:54:02] [思考守护进程] 开始第 83 轮思考循环
✅ 已加载 120 个知识条目
📊 知识类别: 6 个
🎯 知识主题: 120 个

============================================================
🧠 自我思考循环启动 [10:54:02]
============================================================
⏱️  _load_state: 154μs
⏱️  get_state: 176μs
⏱️  _load_state: 201μs
⏱️  get_state: 224μs
⏱️  _load_state: 157μs
⏱️  get_state: 168μs
⏱️  _load_state: 160μs
⏱️  get_state: 171μs
⏱️  _load_state: 486μs
⏱️  get_state: 498μs
⏱️  _load_state: 151μs
⏱️  get_state: 161μs
⏱️  _load_state: 162μs
⏱️  get_state: 171μs
⏱️  _load_state: 126μs
⏱️  get_state: 136μs
⏱️  _load_state: 874μs
⏱️  get_state: 887μs
⏱️  _load_state: 6.0ms
⏱️  get_state: 6.1ms
⏱️  get_state: 5μs
⏱️  get_global_state: 8.5ms
🎯 初始化自我学习系统
✅ 自我学习系统初始化完成
🔍 正在检查系统漏洞...
⏱️  get_state: 11μs
⏱️  _save_state: 630μs
⏱️  update_state: 644μs
✅ 系统安全检查通过
📊 正在分析代码质量...
📈 代码质量分析: 扫描 27 个文件，发现 605 个问题

  ────────────────────────────────────────
  📊 自我评估
  代码质量: 0 个问题 (stable)
  文档覆盖率: 0.0% | 类型标注: 0.0%
  知识: 847/120 已学 (705.8%)
  修改成功率: 100.0%
  ────────────────────────────────────────
  🎯 当前 1 个活跃目标
❓ 共 32 个好奇心问题

  ──────────────────────────────
  ❓ watchdog.py 有 2 个函数但几乎没文档，为什么？
[2026-05-04 10:54:02] [思考守护进程] 生成了 1 个洞察
[2026-05-04 10:54:02] [思考守护进程]   跳过修复: 重要性 0.0 < 阈值 0.7
[2026-05-04 10:54:02] [思考守护进程] 第 83 轮完成 (1s) | 连续失败: 0
⏱️  get_state: 10μs
⏱️  get_state: 2μs
⏱️  get_state: 1μs
⏱️  get_state: 1μs
⏱️  get_state: 1μs
⏱️  get_state: 1μs
⏱️  get_state: 1μs
⏱️  get_state: 1μs
⏱️  get_state: 1μs
⏱️  get_state: 1μs
⏱️  get_global_state: 64μs
🎯 初始化自我学习系统
✅ 自我学习系统初始化完成
🔍 正在检查系统漏洞...
⏱️  get_state: 10μs
⏱️  _save_state: 621μs
⏱️  update_state: 634μs
✅ 系统安全检查通过
📊 正在分析代码质量...
📈 代码质量分析: 扫描 27 个文件，发现 605 个问题
[2026-05-04 10:54:03] [思考守护进程]   StopHook [health_check] 完成
[2026-05-04 11:24:03] [思考守护进程] 开始第 84 轮思考循环

============================================================
🧠 自我思考循环启动 [11:24:03]
============================================================
⏱️  get_state: 9μs
⏱️  get_state: 2μs
⏱️  get_state: 1μs
⏱️  get_state: 1μs
⏱️  get_state: 1μs
⏱️  get_state: 1μs
⏱️  get_state: 1μs
⏱️  get_state: 1μs
⏱️  get_state: 1μs
⏱️  get_state: 1μs
⏱️  get_global_state: 55μs
🎯 初始化自我学习系统
✅ 自我学习系统初始化完成
🔍 正在检查系统漏洞...
⏱️  get_state: 9μs
⏱️  _save_state: 603μs
⏱️  update_state: 616μs
⚠️  发现 1 个新漏洞
   - permission_issue: stop_daemon.py
📊 正在分析代码质量...
📈 代码质量分析: 扫描 28 个文件，发现 605 个问题

  ────────────────────────────────────────
  📊 自我评估
  代码质量: 0 个问题 (stable)
  文档覆盖率: 0.0% | 类型标注: 0.0%
  知识: 873/120 已学 (727.5%)
  修改成功率: 100.0%
  ────────────────────────────────────────
  🎯 当前 1 个活跃目标
❓ 共 32 个好奇心问题

  ──────────────────────────────
  ❓ watchdog.py 有 2 个函数但几乎没文档，为什么？
[2026-05-04 11:24:04] [思考守护进程] 生成了 1 个洞察
[2026-05-04 11:24:04] [思考守护进程]   跳过修复: 重要性 0.0 < 阈值 0.7
[2026-05-04 11:24:04] [思考守护进程] 第 84 轮完成 (0s) | 连续失败: 0
[2026-05-04 11:54:04] [思考守护进程] 开始第 85 轮思考循环

============================================================
🧠 自我思考循环启动 [11:54:04]
============================================================
⏱️  _load_state: 173μs
⏱️  get_state: 198μs
⏱️  _load_state: 159μs
⏱️  get_state: 171μs
⏱️  _load_state: 134μs
⏱️  get_state: 144μs
⏱️  _load_state: 921μs
⏱️  get_state: 1.8ms
⏱️  _load_state: 183μs
⏱️  get_state: 198μs
⏱️  _load_state: 175μs
⏱️  get_state: 189μs
⏱️  _load_state: 150μs
⏱️  get_state: 332μs
⏱️  _load_state: 5.1ms
⏱️  get_state: 5.5ms
⏱️  _load_state: 5.9ms
⏱️  get_state: 6.0ms
⏱️  _load_state: 234μs
⏱️  get_state: 251μs
⏱️  get_global_state: 14.9ms
🎯 初始化自我学习系统
✅ 自我学习系统初始化完成
🔍 正在检查系统漏洞...
⏱️  get_state: 8μs
⏱️  _save_state: 597μs
⏱️  update_state: 609μs
✅ 系统安全检查通过
📊 正在分析代码质量...
📈 代码质量分析: 扫描 33 个文件，发现 712 个问题

  ────────────────────────────────────────
  📊 自我评估
  代码质量: 0 个问题 (stable)
  文档覆盖率: 0.0% | 类型标注: 0.0%
  知识: 908/120 已学 (756.7%)
  修改成功率: 100.0%
  ────────────────────────────────────────
  🎯 当前 1 个活跃目标

  ────────────────────────────────────────
  🔍 反思审计 (1 项)
  ⚠️ 重复模式: 1 个洞察与上轮完全相同
  ────────────────────────────────────────
❓ 共 44 个好奇心问题

  ──────────────────────────────
  ❓ watchdog.py 有 2 个函数但几乎没文档，为什么？
[2026-05-04 11:54:05] [思考守护进程] 生成了 1 个洞察
[2026-05-04 11:54:05] [思考守护进程]   跳过修复: 重要性 0.0 < 阈值 0.7
[2026-05-04 11:54:05] [思考守护进程] 第 85 轮完成 (1s) | 连续失败: 0
⏱️  get_state: 10μs
⏱️  get_state: 1μs
⏱️  get_state: 1μs
⏱️  get_state: 1μs
⏱️  get_state: 1μs
⏱️  get_state: 1μs
⏱️  get_state: 1μs
⏱️  get_state: 1μs
⏱️  get_state: 1μs
⏱️  get_state: 1μs
⏱️  get_global_state: 59μs
🎯 初始化自我学习系统
✅ 自我学习系统初始化完成
🔍 正在检查系统漏洞...
⏱️  get_state: 10μs
⏱️  _save_state: 831μs
⏱️  update_state: 849μs
✅ 系统安全检查通过
📊 正在分析代码质量...
📈 代码质量分析: 扫描 33 个文件，发现 712 个问题
[2026-05-04 11:54:05] [思考守护进程]   StopHook [health_check] 完成
[2026-05-04 12:24:05] [思考守护进程] 开始第 86 轮思考循环

============================================================
🧠 自我思考循环启动 [12:24:05]
============================================================
⏱️  get_state: 9μs
⏱️  get_state: 2μs
⏱️  get_state: 1μs
⏱️  get_state: 1μs
⏱️  get_state: 1μs
⏱️  get_state: 1μs
⏱️  get_state: 1μs
⏱️  get_state: 1μs
⏱️  get_state: 1μs
⏱️  get_state: 1μs
⏱️  get_global_state: 57μs
🎯 初始化自我学习系统
✅ 自我学习系统初始化完成
🔍 正在检查系统漏洞...
⏱️  get_state: 10μs
⏱️  _save_state: 700μs
⏱️  update_state: 717μs
⚠️  发现 5 个新漏洞
   - permission_issue: analogy_engine.py
   - permission_issue: knowledge_graph.py
   - permission_issue: pattern_engine.py
   - permission_issue: self_model.py
   - permission_issue: thinking_engine.py
📊 正在分析代码质量...
📈 代码质量分析: 扫描 34 个文件，发现 708 个问题

  ────────────────────────────────────────
  📊 自我评估
  代码质量: 0 个问题 (stable)
  文档覆盖率: 0.0% | 类型标注: 0.0%
  知识: 933/120 已学 (777.5%)
  修改成功率: 100.0%
  ────────────────────────────────────────
  🎯 当前 1 个活跃目标

  ────────────────────────────────────────
  🔍 反思审计 (1 项)
  ⚠️ 重复模式: 1 个洞察与上轮完全相同
  ────────────────────────────────────────
❓ 共 42 个好奇心问题

  ──────────────────────────────
  ❓ watchdog.py 有 2 个函数但几乎没文档，为什么？
[2026-05-04 12:24:06] [思考守护进程] 生成了 1 个洞察
[2026-05-04 12:24:06] [思考守护进程]   跳过修复: 重要性 0.0 < 阈值 0.7
[2026-05-04 12:24:06] [思考守护进程] 第 86 轮完成 (1s) | 连续失败: 0
[2026-05-04 12:54:06] [思考守护进程] 开始第 87 轮思考循环

============================================================
🧠 自我思考循环启动 [12:54:06]
============================================================
⏱️  _load_state: 169μs
⏱️  get_state: 193μs
⏱️  _load_state: 137μs
⏱️  get_state: 150μs
⏱️  _load_state: 136μs
⏱️  get_state: 147μs
⏱️  _load_state: 442μs
⏱️  get_state: 520μs
⏱️  _load_state: 122μs
⏱️  get_state: 132μs
⏱️  _load_state: 153μs
⏱️  get_state: 170μs
⏱️  _load_state: 129μs
⏱️  get_state: 139μs
⏱️  _load_state: 5.9ms
⏱️  get_state: 6.4ms
⏱️  _load_state: 6.8ms
⏱️  get_state: 6.9ms
⏱️  _load_state: 277μs
⏱️  get_state: 295μs
⏱️  get_global_state: 15.1ms
🎯 初始化自我学习系统
✅ 自我学习系统初始化完成
🔍 正在检查系统漏洞...
⏱️  get_state: 8μs
⏱️  _save_state: 630μs
⏱️  update_state: 641μs
✅ 系统安全检查通过
📊 正在分析代码质量...
📈 代码质量分析: 扫描 34 个文件，发现 708 个问题

  ────────────────────────────────────────
  📖 学习新知识 (5/120):
  📄⭐ 知识缺口: 数据结构与算法
     概念: 数据结构与算法, 知识缺口
  📄⭐ 知识缺口: 系统设计
     概念: 系统设计, 知识缺口
  📄⭐ 知识缺口: 计算机基础
     概念: 计算机基础, 知识缺口
  📄⭐ 知识缺口: 安全
     概念: 安全, 知识缺口
  📄⭐ crawler_learning_bridge 模块分析
     概念: crawler_learning_bridge, 模块分析, CrawlerLearningBridge
  ────────────────────────────────────────

  ────────────────────────────────────────
  📊 自我评估
  代码质量: 0 个问题 (stable)
  文档覆盖率: 0.0% | 类型标注: 0.0%
  知识: 958/120 已学 (798.3%)
  修改成功率: 100.0%
  ────────────────────────────────────────
  🎯 当前 1 个活跃目标

  ────────────────────────────────────────
  🔍 反思审计 (1 项)
  ⚠️ 重复模式: 1 个洞察与上轮完全相同
  ────────────────────────────────────────
  💡 学习触发了 3 个新问题
❓ 共 45 个好奇心问题

  ──────────────────────────────
  ❓ 函数缺少文档: ai_knowledge_crawler.py:main, ai_knowledge_crawler.py:__init__, content_studio.py:
[2026-05-04 12:54:07] [思考守护进程] 生成了 1 个洞察
[2026-05-04 12:54:07] [思考守护进程]   跳过修复: 重要性 0.0 < 阈值 0.7
[2026-05-04 12:54:07] [思考守护进程] 第 87 轮完成 (1s) | 连续失败: 0
⏱️  get_state: 9μs
⏱️  get_state: 1μs
⏱️  get_state: 1μs
⏱️  get_state: 1μs
⏱️  get_state: 1μs
⏱️  get_state: 1μs
⏱️  get_state: 1μs
⏱️  get_state: 1μs
⏱️  get_state: 1μs
⏱️  get_state: 1μs
⏱️  get_global_state: 57μs
🎯 初始化自我学习系统
✅ 自我学习系统初始化完成
🔍 正在检查系统漏洞...
⏱️  get_state: 9μs
⏱️  _save_state: 633μs
⏱️  update_state: 649μs
✅ 系统安全检查通过
📊 正在分析代码质量...
📈 代码质量分析: 扫描 34 个文件，发现 708 个问题
[2026-05-04 12:54:07] [思考守护进程]   StopHook [health_check] 完成
[2026-05-04 13:24:08] [思考守护进程] 开始第 88 轮思考循环

============================================================
🧠 自我思考循环启动 [13:24:08]
============================================================
⏱️  get_state: 12μs
⏱️  get_state: 2μs
⏱️  get_state: 2μs
⏱️  get_state: 1μs
⏱️  get_state: 1μs
⏱️  get_state: 1μs
⏱️  get_state: 1μs
⏱️  get_state: 1μs
⏱️  get_state: 1μs
⏱️  get_state: 1μs
⏱️  get_global_state: 72μs
🎯 初始化自我学习系统
✅ 自我学习系统初始化完成
🔍 正在检查系统漏洞...
⏱️  get_state: 13μs
⏱️  _save_state: 772μs
⏱️  update_state: 790μs
⚠️  发现 1 个新漏洞
   - permission_issue: experience_tracker.py
📊 正在分析代码质量...
📈 代码质量分析: 扫描 35 个文件，发现 722 个问题

  ────────────────────────────────────────
  📊 自我评估
  代码质量: 0 个问题 (stable)
  文档覆盖率: 0.0% | 类型标注: 0.0%
  知识: 983/120 已学 (819.2%)
  修改成功率: 100.0%
  ────────────────────────────────────────
  🎯 当前 1 个活跃目标

  ────────────────────────────────────────
  🔍 反思审计 (1 项)
  🔧 待验证修复: ai_knowledge_crawler.py,content_studio.py,crawler_
  ────────────────────────────────────────
❓ 共 44 个好奇心问题

  ──────────────────────────────
  ❓ watchdog.py 有 2 个函数但几乎没文档，为什么？
[2026-05-04 13:24:08] [思考守护进程] 生成了 1 个洞察
[2026-05-04 13:24:08] [思考守护进程]   跳过修复: 重要性 0.0 < 阈值 0.7
[2026-05-04 13:24:08] [思考守护进程] 第 88 轮完成 (1s) | 连续失败: 0
[2026-05-04 13:54:09] [思考守护进程] 开始第 89 轮思考循环

============================================================
🧠 自我思考循环启动 [13:54:09]
============================================================
⏱️  _load_state: 359μs
⏱️  get_state: 393μs
⏱️  _load_state: 223μs
⏱️  get_state: 239μs
⏱️  _load_state: 174μs
⏱️  get_state: 188μs
⏱️  _load_state: 552μs
⏱️  get_state: 656μs
⏱️  _load_state: 152μs
⏱️  get_state: 164μs
⏱️  _load_state: 210μs
⏱️  get_state: 226μs
⏱️  _load_state: 149μs
⏱️  get_state: 160μs
⏱️  _load_state: 32.0ms
⏱️  get_state: 33.1ms
⏱️  _load_state: 7.2ms
⏱️  get_state: 7.2ms
⏱️  _load_state: 219μs
⏱️  get_state: 235μs
⏱️  get_global_state: 42.6ms
🎯 初始化自我学习系统
✅ 自我学习系统初始化完成
🔍 正在检查系统漏洞...
⏱️  get_state: 15μs
⏱️  _save_state: 1.1ms
⏱️  update_state: 1.1ms
✅ 系统安全检查通过
📊 正在分析代码质量...
📈 代码质量分析: 扫描 36 个文件，发现 755 个问题

  ────────────────────────────────────────
  📊 自我评估
  代码质量: 0 个问题 (stable)
  文档覆盖率: 0.0% | 类型标注: 0.0%
  知识: 1008/120 已学 (840.0%)
  修改成功率: 100.0%
  ────────────────────────────────────────
  🎯 当前 1 个活跃目标
❓ 共 48 个好奇心问题

  ──────────────────────────────
  ❓ watchdog.py 有 2 个函数但几乎没文档，为什么？
[2026-05-04 13:54:10] [思考守护进程] 生成了 1 个洞察
[2026-05-04 13:54:10] [思考守护进程]   跳过修复: 重要性 0.0 < 阈值 0.7
[2026-05-04 13:54:10] [思考守护进程] 第 89 轮完成 (1s) | 连续失败: 0
⏱️  get_state: 10μs
⏱️  get_state: 2μs
⏱️  get_state: 1μs
⏱️  get_state: 1μs
⏱️  get_state: 1μs
⏱️  get_state: 1μs
⏱️  get_state: 1μs
⏱️  get_state: 1μs
⏱️  get_state: 1μs
⏱️  get_state: 1μs
⏱️  get_global_state: 65μs
🎯 初始化自我学习系统
✅ 自我学习系统初始化完成
🔍 正在检查系统漏洞...
⏱️  get_state: 11μs
⏱️  _save_state: 831μs
⏱️  update_state: 847μs
✅ 系统安全检查通过
📊 正在分析代码质量...
📈 代码质量分析: 扫描 36 个文件，发现 755 个问题
[2026-05-04 13:54:10] [思考守护进程]   StopHook [health_check] 完成
[2026-05-04 14:24:10] [思考守护进程] 开始第 90 轮思考循环

============================================================
🧠 自我思考循环启动 [14:24:10]
============================================================
⏱️  get_state: 16μs
⏱️  get_state: 4μs
⏱️  get_state: 4μs
⏱️  get_state: 3μs
⏱️  get_state: 3μs
⏱️  get_state: 3μs
⏱️  get_state: 3μs
⏱️  get_state: 3μs
⏱️  get_state: 3μs
⏱️  get_state: 3μs
⏱️  get_global_state: 147μs
🎯 初始化自我学习系统
✅ 自我学习系统初始化完成
🔍 正在检查系统漏洞...
⏱️  get_state: 15μs
⏱️  _save_state: 1.3ms
⏱️  update_state: 1.3ms
✅ 系统安全检查通过
📊 正在分析代码质量...
📈 代码质量分析: 扫描 36 个文件，发现 755 个问题

  ────────────────────────────────────────
  📊 自我评估
  代码质量: 0 个问题 (stable)
  文档覆盖率: 0.0% | 类型标注: 0.0%
  知识: 1033/120 已学 (860.8%)
  修改成功率: 100.0%
  ────────────────────────────────────────
  🎯 当前 1 个活跃目标

  ────────────────────────────────────────
  🔍 反思审计 (1 项)
  ⚠️ 重复模式: 1 个洞察与上轮完全相同
  ────────────────────────────────────────
❓ 共 48 个好奇心问题

  ──────────────────────────────
  ❓ watchdog.py 有 2 个函数但几乎没文档，为什么？
[2026-05-04 14:24:12] [思考守护进程] 生成了 1 个洞察
[2026-05-04 14:24:12] [思考守护进程]   跳过修复: 重要性 0.0 < 阈值 0.7
[2026-05-04 14:24:12] [思考守护进程] 第 90 轮完成 (1s) | 连续失败: 0
[2026-05-04 14:54:12] [思考守护进程] 开始第 91 轮思考循环

============================================================
🧠 自我思考循环启动 [14:54:12]
============================================================
⏱️  _load_state: 238μs
⏱️  get_state: 269μs
⏱️  _load_state: 190μs
⏱️  get_state: 207μs
⏱️  _load_state: 178μs
⏱️  get_state: 193μs
⏱️  _load_state: 670μs
⏱️  get_state: 770μs
⏱️  _load_state: 194μs
⏱️  get_state: 209μs
⏱️  _load_state: 207μs
⏱️  get_state: 227μs
⏱️  _load_state: 169μs
⏱️  get_state: 184μs
⏱️  _load_state: 7.8ms
⏱️  get_state: 8.4ms
⏱️  _load_state: 8.2ms
⏱️  get_state: 8.2ms
⏱️  _load_state: 248μs
⏱️  get_state: 267μs
⏱️  get_global_state: 19.0ms
🎯 初始化自我学习系统
✅ 自我学习系统初始化完成
🔍 正在检查系统漏洞...
⏱️  get_state: 12μs
⏱️  _save_state: 1.2ms
⏱️  update_state: 1.2ms
✅ 系统安全检查通过
📊 正在分析代码质量...
📈 代码质量分析: 扫描 36 个文件，发现 755 个问题

  ────────────────────────────────────────
  📊 自我评估
  代码质量: 0 个问题 (stable)
  文档覆盖率: 0.0% | 类型标注: 0.0%
  知识: 1058/120 已学 (881.7%)
  修改成功率: 100.0%
  ────────────────────────────────────────
  🎯 当前 1 个活跃目标

  ────────────────────────────────────────
  🔍 反思审计 (1 项)
  ⚠️ 重复模式: 1 个洞察与上轮完全相同
  ────────────────────────────────────────
❓ 共 48 个好奇心问题

  ──────────────────────────────
  ❓ watchdog.py 有 2 个函数但几乎没文档，为什么？
[2026-05-04 14:54:13] [思考守护进程] 生成了 1 个洞察
[2026-05-04 14:54:13] [思考守护进程]   跳过修复: 重要性 0.0 < 阈值 0.7
[2026-05-04 14:54:13] [思考守护进程] 第 91 轮完成 (1s) | 连续失败: 0
⏱️  get_state: 8μs
⏱️  get_state: 2μs
⏱️  get_state: 1μs
⏱️  get_state: 1μs
⏱️  get_state: 1μs
⏱️  get_state: 1μs
⏱️  get_state: 1μs
⏱️  get_state: 1μs
⏱️  get_state: 1μs
⏱️  get_state: 1μs
⏱️  get_global_state: 58μs
🎯 初始化自我学习系统
✅ 自我学习系统初始化完成
🔍 正在检查系统漏洞...
⏱️  get_state: 10μs
⏱️  _save_state: 737μs
⏱️  update_state: 752μs
✅ 系统安全检查通过
📊 正在分析代码质量...
📈 代码质量分析: 扫描 36 个文件，发现 755 个问题
[2026-05-04 14:54:14] [思考守护进程]   StopHook [health_check] 完成
[2026-05-04 15:24:14] [思考守护进程] 开始第 92 轮思考循环

============================================================
🧠 自我思考循环启动 [15:24:14]
============================================================
⏱️  get_state: 9μs
⏱️  get_state: 3μs
⏱️  get_state: 1μs
⏱️  get_state: 1μs
⏱️  get_state: 1μs
⏱️  get_state: 1μs
⏱️  get_state: 1μs
⏱️  get_state: 1μs
⏱️  get_state: 1μs
⏱️  get_state: 1μs
⏱️  get_global_state: 169μs
🎯 初始化自我学习系统
✅ 自我学习系统初始化完成
🔍 正在检查系统漏洞...
⏱️  get_state: 8μs
⏱️  _save_state: 650μs
⏱️  update_state: 663μs
⚠️  发现 1 个新漏洞
   - permission_issue: metacognitive_monitor.py
📊 正在分析代码质量...
📈 代码质量分析: 扫描 37 个文件，发现 776 个问题

  ────────────────────────────────────────
  📖 学习新知识 (5/120):
  📄⭐ 知识缺口: 数据结构与算法
     概念: 数据结构与算法, 知识缺口
  📄⭐ 知识缺口: 系统设计
     概念: 系统设计, 知识缺口
  📄⭐ 知识缺口: 计算机基础
     概念: 计算机基础, 知识缺口
  📄⭐ 知识缺口: 安全
     概念: 安全, 知识缺口
  📄⭐ crawler_learning_bridge 模块分析
     概念: crawler_learning_bridge, 模块分析, CrawlerLearningBridge
  ────────────────────────────────────────

  ────────────────────────────────────────
  📊 自我评估
  代码质量: 0 个问题 (stable)
  文档覆盖率: 0.0% | 类型标注: 0.0%
  知识: 1083/120 已学 (902.5%)
  修改成功率: 100.0%
  ────────────────────────────────────────
  🎯 当前 1 个活跃目标

  ────────────────────────────────────────
  🔍 反思审计 (1 项)
  ⚠️ 重复模式: 1 个洞察与上轮完全相同
  ────────────────────────────────────────
  💡 学习触发了 3 个新问题
❓ 共 56 个好奇心问题

  ──────────────────────────────
  ❓ 函数缺少文档: ai_knowledge_crawler.py:main, ai_knowledge_crawler.py:__init__, content_studio.py:
[2026-05-04 15:24:15] [思考守护进程] 生成了 1 个洞察
[2026-05-04 15:24:15] [思考守护进程]   跳过修复: 重要性 0.0 < 阈值 0.7
[2026-05-04 15:24:15] [思考守护进程] 第 92 轮完成 (1s) | 连续失败: 0
[2026-05-04 15:54:15] [思考守护进程] 开始第 93 轮思考循环

============================================================
🧠 自我思考循环启动 [15:54:15]
============================================================
⏱️  _load_state: 343μs
⏱️  get_state: 383μs
⏱️  _load_state: 316μs
⏱️  get_state: 341μs
⏱️  _load_state: 255μs
⏱️  get_state: 277μs
⏱️  _load_state: 916μs
⏱️  get_state: 1.0ms
⏱️  _load_state: 268μs
⏱️  get_state: 289μs
⏱️  _load_state: 293μs
⏱️  get_state: 319μs
⏱️  _load_state: 263μs
⏱️  get_state: 284μs
⏱️  _load_state: 8.4ms
⏱️  get_state: 9.2ms
⏱️  _load_state: 11.8ms
⏱️  get_state: 11.9ms
⏱️  _load_state: 340μs
⏱️  get_state: 368μs
⏱️  get_global_state: 24.5ms
🎯 初始化自我学习系统
✅ 自我学习系统初始化完成
🔍 正在检查系统漏洞...
⏱️  get_state: 14μs
⏱️  _save_state: 1.8ms
⏱️  update_state: 1.8ms
✅ 系统安全检查通过
📊 正在分析代码质量...
📈 代码质量分析: 扫描 37 个文件，发现 776 个问题

  ────────────────────────────────────────
  📊 自我评估
  代码质量: 0 个问题 (stable)
  文档覆盖率: 0.0% | 类型标注: 0.0%
  知识: 1128/120 已学 (940.0%)
  修改成功率: 100.0%
  ────────────────────────────────────────
  🎯 当前 1 个活跃目标

  ────────────────────────────────────────
  🔍 反思审计 (1 项)
  🔧 待验证修复: ai_knowledge_crawler.py,content_studio.py,crawler_
  ────────────────────────────────────────
❓ 共 53 个好奇心问题

  ──────────────────────────────
  ❓ watchdog.py 有 2 个函数但几乎没文档，为什么？
[2026-05-04 15:54:17] [思考守护进程] 生成了 1 个洞察
[2026-05-04 15:54:17] [思考守护进程]   跳过修复: 重要性 0.0 < 阈值 0.7
[2026-05-04 15:54:17] [思考守护进程] 第 93 轮完成 (1s) | 连续失败: 0
⏱️  get_state: 11μs
⏱️  get_state: 3μs
⏱️  get_state: 2μs
⏱️  get_state: 2μs
⏱️  get_state: 2μs
⏱️  get_state: 2μs
⏱️  get_state: 2μs
⏱️  get_state: 2μs
⏱️  get_state: 2μs
⏱️  get_state: 2μs
⏱️  get_global_state: 90μs
🎯 初始化自我学习系统
✅ 自我学习系统初始化完成
🔍 正在检查系统漏洞...
⏱️  get_state: 16μs
⏱️  _save_state: 1.4ms
⏱️  update_state: 1.5ms
✅ 系统安全检查通过
📊 正在分析代码质量...
📈 代码质量分析: 扫描 37 个文件，发现 776 个问题
[2026-05-04 15:54:18] [思考守护进程]   StopHook [health_check] 完成
[2026-05-04 16:24:17] [思考守护进程] 开始第 94 轮思考循环

============================================================
🧠 自我思考循环启动 [16:24:17]
============================================================
⏱️  get_state: 13μs
⏱️  get_state: 3μs
⏱️  get_state: 2μs
⏱️  get_state: 2μs
⏱️  get_state: 2μs
⏱️  get_state: 2μs
⏱️  get_state: 1μs
⏱️  get_state: 1μs
⏱️  get_state: 1μs
⏱️  get_state: 2μs
⏱️  get_global_state: 96μs
🎯 初始化自我学习系统
✅ 自我学习系统初始化完成
🔍 正在检查系统漏洞...
⏱️  get_state: 13μs
⏱️  _save_state: 1.2ms
⏱️  update_state: 1.2ms
✅ 系统安全检查通过
📊 正在分析代码质量...
📈 代码质量分析: 扫描 37 个文件，发现 779 个问题

  ────────────────────────────────────────
  📊 自我评估
  代码质量: 0 个问题 (stable)
  文档覆盖率: 0.0% | 类型标注: 0.0%
  知识: 1163/120 已学 (969.2%)
  修改成功率: 100.0%
  ────────────────────────────────────────
  🎯 当前 1 个活跃目标
❓ 共 53 个好奇心问题

  ──────────────────────────────
  ❓ watchdog.py 有 2 个函数但几乎没文档，为什么？
[2026-05-04 16:24:18] [思考守护进程] 生成了 1 个洞察
[2026-05-04 16:24:18] [思考守护进程]   跳过修复: 重要性 0.0 < 阈值 0.7
[2026-05-04 16:24:18] [思考守护进程] 第 94 轮完成 (1s) | 连续失败: 0
[2026-05-04 16:54:19] [思考守护进程] 开始第 95 轮思考循环

============================================================
🧠 自我思考循环启动 [16:54:19]
============================================================
⏱️  _load_state: 245μs
⏱️  get_state: 275μs
⏱️  _load_state: 206μs
⏱️  get_state: 223μs
⏱️  _load_state: 177μs
⏱️  get_state: 192μs
⏱️  _load_state: 666μs
⏱️  get_state: 768μs
⏱️  _load_state: 182μs
⏱️  get_state: 198μs
⏱️  _load_state: 209μs
⏱️  get_state: 228μs
⏱️  _load_state: 173μs
⏱️  get_state: 187μs
⏱️  _load_state: 8.7ms
⏱️  get_state: 9.3ms
⏱️  _load_state: 8.2ms
⏱️  get_state: 8.8ms
⏱️  _load_state: 264μs
⏱️  get_state: 284μs
⏱️  get_global_state: 20.5ms
🎯 初始化自我学习系统
✅ 自我学习系统初始化完成
🔍 正在检查系统漏洞...
⏱️  get_state: 12μs
⏱️  _save_state: 960μs
⏱️  update_state: 979μs
✅ 系统安全检查通过
📊 正在分析代码质量...
📈 代码质量分析: 扫描 37 个文件，发现 779 个问题

  ────────────────────────────────────────
  📊 自我评估
  代码质量: 0 个问题 (stable)
  文档覆盖率: 0.0% | 类型标注: 0.0%
  知识: 1197/120 已学 (997.5%)
  修改成功率: 100.0%
  ────────────────────────────────────────
  🎯 当前 1 个活跃目标

  ────────────────────────────────────────
  🔍 反思审计 (1 项)
  ⚠️ 重复模式: 1 个洞察与上轮完全相同
  ────────────────────────────────────────
❓ 共 53 个好奇心问题

  ──────────────────────────────
  ❓ watchdog.py 有 2 个函数但几乎没文档，为什么？
[2026-05-04 16:54:20] [思考守护进程] 生成了 1 个洞察
[2026-05-04 16:54:20] [思考守护进程]   跳过修复: 重要性 0.0 < 阈值 0.7
[2026-05-04 16:54:20] [思考守护进程] 第 95 轮完成 (1s) | 连续失败: 0
⏱️  get_state: 9μs
⏱️  get_state: 2μs
⏱️  get_state: 1μs
⏱️  get_state: 1μs
⏱️  get_state: 1μs
⏱️  get_state: 1μs
⏱️  get_state: 1μs
⏱️  get_state: 1μs
⏱️  get_state: 1μs
⏱️  get_state: 1μs
⏱️  get_global_state: 61μs
🎯 初始化自我学习系统
✅ 自我学习系统初始化完成
🔍 正在检查系统漏洞...
⏱️  get_state: 10μs
⏱️  _save_state: 727μs
⏱️  update_state: 742μs
✅ 系统安全检查通过
📊 正在分析代码质量...
📈 代码质量分析: 扫描 37 个文件，发现 779 个问题
[2026-05-04 16:54:21] [思考守护进程]   StopHook [health_check] 完成
[2026-05-04 17:24:21] [思考守护进程] 开始第 96 轮思考循环

============================================================
🧠 自我思考循环启动 [17:24:21]
============================================================
⏱️  get_state: 9μs
⏱️  get_state: 1μs
⏱️  get_state: 1μs
⏱️  get_state: 1μs
⏱️  get_state: 1μs
⏱️  get_state: 1μs
⏱️  get_state: 1μs
⏱️  get_state: 1μs
⏱️  get_state: 1μs
⏱️  get_state: 1μs
⏱️  get_global_state: 59μs
🎯 初始化自我学习系统
✅ 自我学习系统初始化完成
🔍 正在检查系统漏洞...
⏱️  get_state: 14μs
⏱️  _save_state: 933μs
⏱️  update_state: 951μs
✅ 系统安全检查通过
📊 正在分析代码质量...
📈 代码质量分析: 扫描 37 个文件，发现 784 个问题

  ────────────────────────────────────────
  📊 自我评估
  代码质量: 0 个问题 (stable)
  文档覆盖率: 0.0% | 类型标注: 0.0%
  知识: 1229/120 已学 (1024.2%)
  修改成功率: 100.0%
  ────────────────────────────────────────
  🎯 当前 1 个活跃目标

  ────────────────────────────────────────
  🔍 反思审计 (1 项)
  ⚠️ 重复模式: 1 个洞察与上轮完全相同
  ────────────────────────────────────────
❓ 共 53 个好奇心问题

  ──────────────────────────────
  ❓ watchdog.py 有 2 个函数但几乎没文档，为什么？
[2026-05-04 17:24:21] [思考守护进程] 生成了 1 个洞察
[2026-05-04 17:24:21] [思考守护进程]   跳过修复: 重要性 0.0 < 阈值 0.7
[2026-05-04 17:24:21] [思考守护进程] 第 96 轮完成 (1s) | 连续失败: 0
[2026-05-04 17:54:22] [思考守护进程] 开始第 97 轮思考循环

============================================================
🧠 自我思考循环启动 [17:54:22]
============================================================
⏱️  _load_state: 1.4ms
⏱️  get_state: 1.5ms
⏱️  _load_state: 382μs
⏱️  get_state: 414μs
⏱️  _load_state: 298μs
⏱️  get_state: 324μs
⏱️  _load_state: 1.1ms
⏱️  get_state: 1.2ms
⏱️  _load_state: 304μs
⏱️  get_state: 330μs
⏱️  _load_state: 350μs
⏱️  get_state: 380μs
⏱️  _load_state: 274μs
⏱️  get_state: 298μs
⏱️  _load_state: 14.1ms
⏱️  get_state: 16.4ms
⏱️  _load_state: 11.4ms
⏱️  get_state: 11.5ms
⏱️  _load_state: 393μs
⏱️  get_state: 426μs
⏱️  get_global_state: 32.9ms
🎯 初始化自我学习系统
✅ 自我学习系统初始化完成
🔍 正在检查系统漏洞...
⏱️  get_state: 15μs
⏱️  _save_state: 2.8ms
⏱️  update_state: 2.8ms
✅ 系统安全检查通过
📊 正在分析代码质量...
📈 代码质量分析: 扫描 38 个文件，发现 794 个问题

  ────────────────────────────────────────
  📊 自我评估
  代码质量: 0 个问题 (stable)
  文档覆盖率: 0.0% | 类型标注: 0.0%
  知识: 1262/120 已学 (1051.7%)
  修改成功率: 100.0%
  ────────────────────────────────────────
  🎯 当前 1 个活跃目标

  ────────────────────────────────────────
  🔍 反思审计 (1 项)
  ⚠️ 重复模式: 1 个洞察与上轮完全相同
  ────────────────────────────────────────
❓ 共 55 个好奇心问题

  ──────────────────────────────
  ❓ watchdog.py 有 2 个函数但几乎没文档，为什么？
[2026-05-04 17:54:24] [思考守护进程] 生成了 1 个洞察
[2026-05-04 17:54:24] [思考守护进程]   跳过修复: 重要性 0.0 < 阈值 0.7
[2026-05-04 17:54:24] [思考守护进程] 第 97 轮完成 (2s) | 连续失败: 0
⏱️  get_state: 14μs
⏱️  get_state: 3μs
⏱️  get_state: 2μs
⏱️  get_state: 2μs
⏱️  get_state: 2μs
⏱️  get_state: 2μs
⏱️  get_state: 2μs
⏱️  get_state: 2μs
⏱️  get_state: 2μs
⏱️  get_state: 2μs
⏱️  get_global_state: 103μs
🎯 初始化自我学习系统
✅ 自我学习系统初始化完成
🔍 正在检查系统漏洞...
⏱️  get_state: 14μs
⏱️  _save_state: 1.6ms
⏱️  update_state: 1.7ms
✅ 系统安全检查通过
📊 正在分析代码质量...
📈 代码质量分析: 扫描 38 个文件，发现 794 个问题
[2026-05-04 17:54:25] [思考守护进程]   StopHook [health_check] 完成
[2026-05-04 18:24:24] [思考守护进程] 开始第 98 轮思考循环

============================================================
🧠 自我思考循环启动 [18:24:24]
============================================================
⏱️  get_state: 132μs
⏱️  get_state: 6μs
⏱️  get_state: 2μs
⏱️  get_state: 2μs
⏱️  get_state: 1μs
⏱️  get_state: 1μs
⏱️  get_state: 1μs
⏱️  get_state: 2μs
⏱️  get_state: 1μs
⏱️  get_state: 1μs
⏱️  get_global_state: 733μs
🎯 初始化自我学习系统
✅ 自我学习系统初始化完成
🔍 正在检查系统漏洞...
⏱️  get_state: 17μs
⏱️  _save_state: 2.7ms
⏱️  update_state: 2.7ms
⚠️  发现 1 个新漏洞
   - permission_issue: skill_crystallizer.py
📊 正在分析代码质量...
📈 代码质量分析: 扫描 39 个文件，发现 811 个问题

  ────────────────────────────────────────
  📊 自我评估
  代码质量: 0 个问题 (stable)
  文档覆盖率: 0.0% | 类型标注: 0.0%
  知识: 1273/120 已学 (1060.8%)
  修改成功率: 100.0%
  ────────────────────────────────────────
  🎯 当前 1 个活跃目标

  ────────────────────────────────────────
  🔍 反思审计 (1 项)
  ⚠️ 重复模式: 1 个洞察与上轮完全相同
  ────────────────────────────────────────
❓ 共 60 个好奇心问题

  ──────────────────────────────
  ❓ watchdog.py 有 2 个函数但几乎没文档，为什么？
[2026-05-04 18:24:26] [思考守护进程] 生成了 1 个洞察
[2026-05-04 18:24:26] [思考守护进程]   跳过修复: 重要性 0.0 < 阈值 0.7
[2026-05-04 18:24:26] [思考守护进程] 第 98 轮完成 (1s) | 连续失败: 0
[2026-05-04 18:54:26] [思考守护进程] 开始第 99 轮思考循环

============================================================
🧠 自我思考循环启动 [18:54:26]
============================================================
⏱️  _load_state: 260μs
⏱️  get_state: 293μs
⏱️  _load_state: 195μs
⏱️  get_state: 225μs
⏱️  _load_state: 159μs
⏱️  get_state: 172μs
⏱️  _load_state: 587μs
⏱️  get_state: 740μs
⏱️  _load_state: 216μs
⏱️  get_state: 239μs
⏱️  _load_state: 228μs
⏱️  get_state: 251μs
⏱️  _load_state: 162μs
⏱️  get_state: 175μs
⏱️  _load_state: 8.9ms
⏱️  get_state: 9.8ms
⏱️  _load_state: 8.0ms
⏱️  get_state: 8.0ms
⏱️  _load_state: 468μs
⏱️  get_state: 488μs
⏱️  get_global_state: 20.5ms
🎯 初始化自我学习系统
✅ 自我学习系统初始化完成
🔍 正在检查系统漏洞...
⏱️  get_state: 12μs
⏱️  _save_state: 818μs
⏱️  update_state: 837μs
✅ 系统安全检查通过
📊 正在分析代码质量...
📈 代码质量分析: 扫描 39 个文件，发现 811 个问题

  ────────────────────────────────────────
  📊 自我评估
  代码质量: 0 个问题 (stable)
  文档覆盖率: 0.0% | 类型标注: 0.0%
  知识: 1285/120 已学 (1070.8%)
  修改成功率: 100.0%
  ────────────────────────────────────────
  🎯 当前 1 个活跃目标

  ────────────────────────────────────────
  🔍 反思审计 (1 项)
  ⚠️ 重复模式: 1 个洞察与上轮完全相同
  ────────────────────────────────────────
❓ 共 60 个好奇心问题

  ──────────────────────────────
  ❓ watchdog.py 有 2 个函数但几乎没文档，为什么？
[2026-05-04 18:54:27] [思考守护进程] 生成了 1 个洞察
[2026-05-04 18:54:27] [思考守护进程]   跳过修复: 重要性 0.0 < 阈值 0.7
[2026-05-04 18:54:27] [思考守护进程] 第 99 轮完成 (1s) | 连续失败: 0
⏱️  get_state: 9μs
⏱️  get_state: 2μs
⏱️  get_state: 2μs
⏱️  get_state: 1μs
⏱️  get_state: 1μs
⏱️  get_state: 1μs
⏱️  get_state: 1μs
⏱️  get_state: 1μs
⏱️  get_state: 1μs
⏱️  get_state: 1μs
⏱️  get_global_state: 63μs
🎯 初始化自我学习系统
✅ 自我学习系统初始化完成
🔍 正在检查系统漏洞...
⏱️  get_state: 11μs
⏱️  _save_state: 772μs
⏱️  update_state: 790μs
✅ 系统安全检查通过
📊 正在分析代码质量...
📈 代码质量分析: 扫描 39 个文件，发现 811 个问题
[2026-05-04 18:54:28] [思考守护进程]   StopHook [health_check] 完成
[2026-05-04 19:24:28] [思考守护进程] 开始第 100 轮思考循环

============================================================
🧠 自我思考循环启动 [19:24:28]
============================================================
⏱️  get_state: 478μs
⏱️  get_state: 21μs
⏱️  get_state: 4μs
⏱️  get_state: 3μs
⏱️  get_state: 2μs
⏱️  get_state: 2μs
⏱️  get_state: 2μs
⏱️  get_state: 2μs
⏱️  get_state: 2μs
⏱️  get_state: 2μs
⏱️  get_global_state: 1.6ms
🎯 初始化自我学习系统
✅ 自我学习系统初始化完成
🔍 正在检查系统漏洞...
⏱️  get_state: 14μs
⏱️  _save_state: 3.4ms
⏱️  update_state: 3.4ms
⚠️  发现 3 个新漏洞
   - permission_issue: memory_layers.py
   - permission_issue: personality_state.py
   - hardcoded_secret: skill_crystallizer.py
📊 正在分析代码质量...
📈 代码质量分析: 扫描 41 个文件，发现 900 个问题

  ────────────────────────────────────────
  📊 自我评估
  代码质量: 0 个问题 (stable)
  文档覆盖率: 0.0% | 类型标注: 0.0%
  知识: 1296/120 已学 (1080.0%)
  修改成功率: 100.0%
  ────────────────────────────────────────
  🎯 当前 1 个活跃目标

  ────────────────────────────────────────
  🔍 反思审计 (1 项)
  ⚠️ 重复模式: 1 个洞察与上轮完全相同
  ────────────────────────────────────────
❓ 共 73 个好奇心问题

  ──────────────────────────────
  ❓ watchdog.py 有 2 个函数但几乎没文档，为什么？
[2026-05-04 19:24:30] [思考守护进程] 生成了 1 个洞察
[2026-05-04 19:24:30] [思考守护进程]   跳过修复: 重要性 0.0 < 阈值 0.7
[2026-05-04 19:24:30] [思考守护进程] 第 100 轮完成 (2s) | 连续失败: 0
[2026-05-04 19:54:30] [思考守护进程] 开始第 101 轮思考循环

============================================================
🧠 自我思考循环启动 [19:54:30]
============================================================
⏱️  _load_state: 357μs
⏱️  get_state: 403μs
⏱️  _load_state: 290μs
⏱️  get_state: 323μs
⏱️  _load_state: 262μs
⏱️  get_state: 286μs
⏱️  _load_state: 872μs
⏱️  get_state: 1.1ms
⏱️  _load_state: 246μs
⏱️  get_state: 266μs
⏱️  _load_state: 306μs
⏱️  get_state: 342μs
⏱️  _load_state: 249μs
⏱️  get_state: 268μs
⏱️  _load_state: 13.5ms
⏱️  get_state: 14.5ms
⏱️  _load_state: 9.3ms
⏱️  get_state: 9.4ms
⏱️  _load_state: 382μs
⏱️  get_state: 409μs
⏱️  get_global_state: 27.4ms
🎯 初始化自我学习系统
✅ 自我学习系统初始化完成
🔍 正在检查系统漏洞...
⏱️  get_state: 14μs
⏱️  _save_state: 1.5ms
⏱️  update_state: 1.5ms
✅ 系统安全检查通过
📊 正在分析代码质量...
📈 代码质量分析: 扫描 41 个文件，发现 900 个问题

  ────────────────────────────────────────
  📊 自我评估
  代码质量: 0 个问题 (stable)
  文档覆盖率: 0.0% | 类型标注: 0.0%
  知识: 1325/120 已学 (1104.2%)
  修改成功率: 100.0%
  ────────────────────────────────────────
  🎯 当前 1 个活跃目标

  ────────────────────────────────────────
  🔍 反思审计 (1 项)
  ⚠️ 重复模式: 1 个洞察与上轮完全相同
  ────────────────────────────────────────
❓ 共 73 个好奇心问题

  ──────────────────────────────
  ❓ watchdog.py 有 2 个函数但几乎没文档，为什么？
[2026-05-04 19:54:32] [思考守护进程] 生成了 1 个洞察
[2026-05-04 19:54:32] [思考守护进程]   跳过修复: 重要性 0.0 < 阈值 0.7
[2026-05-04 19:54:32] [思考守护进程] 第 101 轮完成 (2s) | 连续失败: 0
⏱️  get_state: 10μs
⏱️  get_state: 2μs
⏱️  get_state: 2μs
⏱️  get_state: 2μs
⏱️  get_state: 2μs
⏱️  get_state: 2μs
⏱️  get_state: 1μs
⏱️  get_state: 1μs
⏱️  get_state: 1μs
⏱️  get_state: 1μs
⏱️  get_global_state: 78μs
🎯 初始化自我学习系统
✅ 自我学习系统初始化完成
🔍 正在检查系统漏洞...
⏱️  get_state: 12μs
⏱️  _save_state: 942μs
⏱️  update_state: 963μs
✅ 系统安全检查通过
📊 正在分析代码质量...
📈 代码质量分析: 扫描 41 个文件，发现 900 个问题
[2026-05-04 19:54:33] [思考守护进程]   StopHook [health_check] 完成
[2026-05-04 20:24:33] [思考守护进程] 开始第 102 轮思考循环

============================================================
🧠 自我思考循环启动 [20:24:33]
============================================================
⏱️  get_state: 15μs
⏱️  get_state: 3μs
⏱️  get_state: 3μs
⏱️  get_state: 2μs
⏱️  get_state: 2μs
⏱️  get_state: 2μs
⏱️  get_state: 2μs
⏱️  get_state: 2μs
⏱️  get_state: 2μs
⏱️  get_state: 2μs
⏱️  get_global_state: 110μs
🎯 初始化自我学习系统
✅ 自我学习系统初始化完成
🔍 正在检查系统漏洞...
⏱️  get_state: 19μs
⏱️  _save_state: 1.8ms
⏱️  update_state: 1.8ms
⚠️  发现 3 个新漏洞
   - permission_issue: research_integration.py
   - permission_issue: research_planner.py
   - permission_issue: web_researcher.py
📊 正在分析代码质量...
📈 代码质量分析: 扫描 44 个文件，发现 957 个问题

  ────────────────────────────────────────
  📊 自我评估
  代码质量: 0 个问题 (stable)
  文档覆盖率: 0.0% | 类型标注: 0.0%
  知识: 1344/120 已学 (1120.0%)
  修改成功率: 100.0%
  ────────────────────────────────────────
  🎯 当前 1 个活跃目标

  ────────────────────────────────────────
  🔍 反思审计 (1 项)
  ⚠️ 重复模式: 1 个洞察与上轮完全相同
  ────────────────────────────────────────
❓ 共 77 个好奇心问题

  ──────────────────────────────
  ❓ watchdog.py 有 2 个函数但几乎没文档，为什么？
[2026-05-04 20:24:34] [思考守护进程] 生成了 1 个洞察
[2026-05-04 20:24:34] [思考守护进程]   跳过修复: 重要性 0.0 < 阈值 0.7
[2026-05-04 20:24:34] [思考守护进程] 第 102 轮完成 (2s) | 连续失败: 0
[2026-05-04 20:54:35] [思考守护进程] 开始第 103 轮思考循环

============================================================
🧠 自我思考循环启动 [20:54:35]
============================================================
⏱️  _load_state: 582μs
⏱️  get_state: 633μs
⏱️  _load_state: 301μs
⏱️  get_state: 339μs
⏱️  _load_state: 229μs
⏱️  get_state: 250μs
⏱️  _load_state: 827μs
⏱️  get_state: 1.0ms
⏱️  _load_state: 246μs
⏱️  get_state: 267μs
⏱️  _load_state: 324μs
⏱️  get_state: 362μs
⏱️  _load_state: 212μs
⏱️  get_state: 230μs
⏱️  _load_state: 9.0ms
⏱️  get_state: 10.0ms
⏱️  _load_state: 8.9ms
⏱️  get_state: 9.0ms
⏱️  _load_state: 273μs
⏱️  get_state: 295μs
⏱️  get_global_state: 22.4ms
🎯 初始化自我学习系统
✅ 自我学习系统初始化完成
🔍 正在检查系统漏洞...
⏱️  get_state: 13μs
⏱️  _save_state: 997μs
⏱️  update_state: 1.0ms
✅ 系统安全检查通过
📊 正在分析代码质量...
📈 代码质量分析: 扫描 44 个文件，发现 958 个问题

  ────────────────────────────────────────
  📊 自我评估
  代码质量: 0 个问题 (stable)
  文档覆盖率: 0.0% | 类型标注: 0.0%
  知识: 1354/120 已学 (1128.3%)
  修改成功率: 100.0%
  ────────────────────────────────────────
  🎯 当前 1 个活跃目标

  ────────────────────────────────────────
  🔍 反思审计 (1 项)
  ⚠️ 重复模式: 1 个洞察与上轮完全相同
  ────────────────────────────────────────
❓ 共 77 个好奇心问题

  ──────────────────────────────
  ❓ watchdog.py 有 2 个函数但几乎没文档，为什么？
[2026-05-04 20:54:36] [思考守护进程] 生成了 1 个洞察
[2026-05-04 20:54:36] [思考守护进程]   跳过修复: 重要性 0.0 < 阈值 0.7
[2026-05-04 20:54:36] [思考守护进程] 第 103 轮完成 (2s) | 连续失败: 0
⏱️  get_state: 11μs
⏱️  get_state: 2μs
⏱️  get_state: 2μs
⏱️  get_state: 1μs
⏱️  get_state: 1μs
⏱️  get_state: 1μs
⏱️  get_state: 1μs
⏱️  get_state: 1μs
⏱️  get_state: 1μs
⏱️  get_state: 1μs
⏱️  get_global_state: 75μs
🎯 初始化自我学习系统
✅ 自我学习系统初始化完成
🔍 正在检查系统漏洞...
⏱️  get_state: 12μs
⏱️  _save_state: 1.4ms
⏱️  update_state: 1.4ms
✅ 系统安全检查通过
📊 正在分析代码质量...
📈 代码质量分析: 扫描 44 个文件，发现 958 个问题
[2026-05-04 20:54:37] [思考守护进程]   StopHook [health_check] 完成
[2026-05-04 21:24:37] [思考守护进程] 开始第 104 轮思考循环

============================================================
🧠 自我思考循环启动 [21:24:37]
============================================================
⏱️  get_state: 13μs
⏱️  get_state: 2μs
⏱️  get_state: 2μs
⏱️  get_state: 2μs
⏱️  get_state: 2μs
⏱️  get_state: 1μs
⏱️  get_state: 1μs
⏱️  get_state: 1μs
⏱️  get_state: 1μs
⏱️  get_state: 1μs
⏱️  get_global_state: 80μs
🎯 初始化自我学习系统
✅ 自我学习系统初始化完成
🔍 正在检查系统漏洞...
⏱️  get_state: 12μs
⏱️  _save_state: 958μs
⏱️  update_state: 979μs
✅ 系统安全检查通过
📊 正在分析代码质量...
📈 代码质量分析: 扫描 44 个文件，发现 958 个问题

  ────────────────────────────────────────
  📊 自我评估
  代码质量: 0 个问题 (stable)
  文档覆盖率: 0.0% | 类型标注: 0.0%
  知识: 1363/120 已学 (1135.8%)
  修改成功率: 100.0%
  ────────────────────────────────────────
  🎯 当前 1 个活跃目标

  ────────────────────────────────────────
  🔍 反思审计 (1 项)
  ⚠️ 重复模式: 1 个洞察与上轮完全相同
  ────────────────────────────────────────
❓ 共 77 个好奇心问题

  ──────────────────────────────
  ❓ watchdog.py 有 2 个函数但几乎没文档，为什么？
[2026-05-04 21:24:38] [思考守护进程] 生成了 1 个洞察
[2026-05-04 21:24:38] [思考守护进程]   跳过修复: 重要性 0.0 < 阈值 0.7
[2026-05-04 21:24:38] [思考守护进程] 第 104 轮完成 (1s) | 连续失败: 0
[2026-05-04 21:54:39] [思考守护进程] 开始第 105 轮思考循环

============================================================
🧠 自我思考循环启动 [21:54:39]
============================================================
⏱️  _load_state: 552μs
⏱️  get_state: 601μs
⏱️  _load_state: 308μs
⏱️  get_state: 337μs
⏱️  _load_state: 346μs
⏱️  get_state: 376μs
⏱️  _load_state: 1.2ms
⏱️  get_state: 1.4ms
⏱️  _load_state: 425μs
⏱️  get_state: 459μs
⏱️  _load_state: 524μs
⏱️  get_state: 564μs
⏱️  _load_state: 331μs
⏱️  get_state: 361μs
⏱️  _load_state: 22.6ms
⏱️  get_state: 23.4ms
⏱️  _load_state: 9.8ms
⏱️  get_state: 9.9ms
⏱️  _load_state: 367μs
⏱️  get_state: 394μs
⏱️  get_global_state: 37.8ms
🎯 初始化自我学习系统
✅ 自我学习系统初始化完成
🔍 正在检查系统漏洞...
⏱️  get_state: 16μs
⏱️  _save_state: 1.3ms
⏱️  update_state: 1.4ms
✅ 系统安全检查通过
📊 正在分析代码质量...
📈 代码质量分析: 扫描 44 个文件，发现 958 个问题

  ────────────────────────────────────────
  📊 自我评估
  代码质量: 0 个问题 (stable)
  文档覆盖率: 0.0% | 类型标注: 0.0%
  知识: 1372/120 已学 (1143.3%)
  修改成功率: 100.0%
  ────────────────────────────────────────
  🎯 当前 1 个活跃目标

  ────────────────────────────────────────
  🔍 反思审计 (1 项)
  ⚠️ 重复模式: 1 个洞察与上轮完全相同
  ────────────────────────────────────────
❓ 共 77 个好奇心问题

  ──────────────────────────────
  ❓ watchdog.py 有 2 个函数但几乎没文档，为什么？
[2026-05-04 21:54:40] [思考守护进程] 生成了 1 个洞察
[2026-05-04 21:54:40] [思考守护进程]   跳过修复: 重要性 0.0 < 阈值 0.7
[2026-05-04 21:54:40] [思考守护进程] 第 105 轮完成 (2s) | 连续失败: 0
⏱️  get_state: 12μs
⏱️  get_state: 2μs
⏱️  get_state: 2μs
⏱️  get_state: 1μs
⏱️  get_state: 2μs
⏱️  get_state: 2μs
⏱️  get_state: 1μs
⏱️  get_state: 1μs
⏱️  get_state: 1μs
⏱️  get_state: 1μs
⏱️  get_global_state: 79μs
🎯 初始化自我学习系统
✅ 自我学习系统初始化完成
🔍 正在检查系统漏洞...
⏱️  get_state: 12μs
⏱️  _save_state: 864μs
⏱️  update_state: 882μs
✅ 系统安全检查通过
📊 正在分析代码质量...
📈 代码质量分析: 扫描 44 个文件，发现 958 个问题
[2026-05-04 21:54:41] [思考守护进程]   StopHook [health_check] 完成
[2026-05-04 22:24:41] [思考守护进程] 开始第 106 轮思考循环

============================================================
🧠 自我思考循环启动 [22:24:41]
============================================================
⏱️  get_state: 14μs
⏱️  get_state: 3μs
⏱️  get_state: 2μs
⏱️  get_state: 2μs
⏱️  get_state: 2μs
⏱️  get_state: 2μs
⏱️  get_state: 2μs
⏱️  get_state: 1μs
⏱️  get_state: 2μs
⏱️  get_state: 1μs
⏱️  get_global_state: 104μs
🎯 初始化自我学习系统
✅ 自我学习系统初始化完成
🔍 正在检查系统漏洞...
⏱️  get_state: 13μs
⏱️  _save_state: 1.1ms
⏱️  update_state: 1.1ms
✅ 系统安全检查通过
📊 正在分析代码质量...
📈 代码质量分析: 扫描 44 个文件，发现 966 个问题

  ────────────────────────────────────────
  📊 自我评估
  代码质量: 0 个问题 (stable)
  文档覆盖率: 0.0% | 类型标注: 0.0%
  知识: 1397/120 已学 (1164.2%)
  修改成功率: 100.0%
  ────────────────────────────────────────
  🎯 当前 1 个活跃目标

  ────────────────────────────────────────
  🔍 反思审计 (1 项)
  ⚠️ 重复模式: 1 个洞察与上轮完全相同
  ────────────────────────────────────────
❓ 共 77 个好奇心问题

  ──────────────────────────────
  ❓ watchdog.py 有 2 个函数但几乎没文档，为什么？
[2026-05-04 22:24:42] [思考守护进程] 生成了 1 个洞察
[2026-05-04 22:24:42] [思考守护进程]   跳过修复: 重要性 0.0 < 阈值 0.7
[2026-05-04 22:24:42] [思考守护进程] 第 106 轮完成 (1s) | 连续失败: 0
[2026-05-04 22:54:43] [思考守护进程] 开始第 107 轮思考循环

============================================================
🧠 自我思考循环启动 [22:54:43]
============================================================
⏱️  _load_state: 689μs
⏱️  get_state: 932μs
⏱️  _load_state: 314μs
⏱️  get_state: 519μs
⏱️  _load_state: 263μs
⏱️  get_state: 284μs
⏱️  _load_state: 1.0ms
⏱️  get_state: 3.4ms
⏱️  _load_state: 208μs
⏱️  get_state: 226μs
⏱️  _load_state: 272μs
⏱️  get_state: 817μs
⏱️  _load_state: 222μs
⏱️  get_state: 244μs
⏱️  _load_state: 9.7ms
⏱️  get_state: 20.6ms
⏱️  _load_state: 8.7ms
⏱️  get_state: 8.7ms
⏱️  _load_state: 256μs
⏱️  get_state: 276μs
⏱️  get_global_state: 36.1ms
🎯 初始化自我学习系统
✅ 自我学习系统初始化完成
🔍 正在检查系统漏洞...
⏱️  get_state: 14μs
⏱️  _save_state: 1.2ms
⏱️  update_state: 1.3ms
✅ 系统安全检查通过
📊 正在分析代码质量...
📈 代码质量分析: 扫描 44 个文件，发现 966 个问题

  ────────────────────────────────────────
  📖 学习新知识 (5/120):
  📄⭐ 知识缺口: 数据结构与算法
     概念: 数据结构与算法, 知识缺口
  📄⭐ 知识缺口: 系统设计
     概念: 系统设计, 知识缺口
  📄⭐ 知识缺口: 计算机基础
     概念: 计算机基础, 知识缺口
  📄⭐ 知识缺口: 安全
     概念: 安全, 知识缺口
  📄⭐ crawler_learning_bridge 模块分析
     概念: crawler_learning_bridge, 模块分析, CrawlerLearningBridge
  ────────────────────────────────────────

  ────────────────────────────────────────
  📊 自我评估
  代码质量: 0 个问题 (stable)
  文档覆盖率: 0.0% | 类型标注: 0.0%
  知识: 1450/120 已学 (1208.3%)
  修改成功率: 100.0%
  ────────────────────────────────────────
  🎯 当前 1 个活跃目标

  ────────────────────────────────────────
  🔍 反思审计 (1 项)
  ⚠️ 重复模式: 1 个洞察与上轮完全相同
  ────────────────────────────────────────
  💡 学习触发了 3 个新问题
❓ 共 81 个好奇心问题

  ──────────────────────────────
  ❓ 函数缺少文档: ai_knowledge_crawler.py:main, ai_knowledge_crawler.py:__init__, content_studio.py:
[2026-05-04 22:54:45] [思考守护进程] 生成了 1 个洞察
[2026-05-04 22:54:45] [思考守护进程]   跳过修复: 重要性 0.0 < 阈值 0.7
[2026-05-04 22:54:45] [思考守护进程] 第 107 轮完成 (2s) | 连续失败: 0
⏱️  get_state: 15μs
⏱️  get_state: 3μs
⏱️  get_state: 3μs
⏱️  get_state: 2μs
⏱️  get_state: 2μs
⏱️  get_state: 2μs
⏱️  get_state: 2μs
⏱️  get_state: 2μs
⏱️  get_state: 2μs
⏱️  get_state: 3μs
⏱️  get_global_state: 113μs
🎯 初始化自我学习系统
✅ 自我学习系统初始化完成
🔍 正在检查系统漏洞...
⏱️  get_state: 12μs
⏱️  _save_state: 1.0ms
⏱️  update_state: 1.0ms
✅ 系统安全检查通过
📊 正在分析代码质量...
📈 代码质量分析: 扫描 44 个文件，发现 966 个问题
[2026-05-04 22:54:46] [思考守护进程]   StopHook [health_check] 完成
[2026-05-04 23:24:46] [思考守护进程] 开始第 108 轮思考循环

============================================================
🧠 自我思考循环启动 [23:24:46]
============================================================
⏱️  get_state: 24μs
⏱️  get_state: 5μs
⏱️  get_state: 4μs
⏱️  get_state: 4μs
⏱️  get_state: 4μs
⏱️  get_state: 4μs
⏱️  get_state: 3μs
⏱️  get_state: 3μs
⏱️  get_state: 3μs
⏱️  get_state: 3μs
⏱️  get_global_state: 187μs
🎯 初始化自我学习系统
✅ 自我学习系统初始化完成
🔍 正在检查系统漏洞...
⏱️  get_state: 17μs
⏱️  _save_state: 1.4ms
⏱️  update_state: 1.4ms
✅ 系统安全检查通过
📊 正在分析代码质量...
📈 代码质量分析: 扫描 44 个文件，发现 968 个问题

  ────────────────────────────────────────
  📊 自我评估
  代码质量: 0 个问题 (stable)
  文档覆盖率: 0.0% | 类型标注: 0.0%
  知识: 1488/120 已学 (1240.0%)
  修改成功率: 100.0%
  ────────────────────────────────────────
  🎯 当前 1 个活跃目标

  ────────────────────────────────────────
  🔍 反思审计 (1 项)
  🔧 待验证修复: ai_knowledge_crawler.py,content_studio.py,crawler_
  ────────────────────────────────────────
❓ 共 77 个好奇心问题

  ──────────────────────────────
  ❓ watchdog.py 有 2 个函数但几乎没文档，为什么？
[2026-05-04 23:24:48] [思考守护进程] 生成了 1 个洞察
[2026-05-04 23:24:48] [思考守护进程]   跳过修复: 重要性 0.0 < 阈值 0.7
[2026-05-04 23:24:48] [思考守护进程] 第 108 轮完成 (2s) | 连续失败: 0
[2026-05-04 23:54:48] [思考守护进程] 开始第 109 轮思考循环

============================================================
🧠 自我思考循环启动 [23:54:48]
============================================================
⏱️  _load_state: 569μs
⏱️  get_state: 617μs
⏱️  _load_state: 11.2ms
⏱️  get_state: 11.2ms
⏱️  _load_state: 375μs
⏱️  get_state: 402μs
⏱️  _load_state: 1.5ms
⏱️  get_state: 1.8ms
⏱️  _load_state: 448μs
⏱️  get_state: 486μs
⏱️  _load_state: 471μs
⏱️  get_state: 526μs
⏱️  _load_state: 354μs
⏱️  get_state: 383μs
⏱️  _load_state: 26.7ms
⏱️  get_state: 27.6ms
⏱️  _load_state: 10.4ms
⏱️  get_state: 10.5ms
⏱️  _load_state: 376μs
⏱️  get_state: 406μs
⏱️  get_global_state: 54.0ms
🎯 初始化自我学习系统
✅ 自我学习系统初始化完成
🔍 正在检查系统漏洞...
⏱️  get_state: 15μs
⏱️  _save_state: 1.4ms
⏱️  update_state: 1.4ms
✅ 系统安全检查通过
📊 正在分析代码质量...
📈 代码质量分析: 扫描 46 个文件，发现 980 个问题

  ────────────────────────────────────────
  📊 自我评估
  代码质量: 0 个问题 (stable)
  文档覆盖率: 0.0% | 类型标注: 0.0%
  知识: 1528/120 已学 (1273.3%)
  修改成功率: 100.0%
  ────────────────────────────────────────
  🎯 当前 1 个活跃目标
❓ 共 83 个好奇心问题

  ──────────────────────────────
  ❓ watchdog.py 有 2 个函数但几乎没文档，为什么？
[2026-05-04 23:54:50] [思考守护进程] 生成了 1 个洞察
[2026-05-04 23:54:50] [思考守护进程]   跳过修复: 重要性 0.0 < 阈值 0.7
[2026-05-04 23:54:50] [思考守护进程] 第 109 轮完成 (2s) | 连续失败: 0
⏱️  get_state: 12μs
⏱️  get_state: 3μs
⏱️  get_state: 2μs
⏱️  get_state: 2μs
⏱️  get_state: 1μs
⏱️  get_state: 1μs
⏱️  get_state: 1μs
⏱️  get_state: 1μs
⏱️  get_state: 1μs
⏱️  get_state: 2μs
⏱️  get_global_state: 77μs
🎯 初始化自我学习系统
✅ 自我学习系统初始化完成
🔍 正在检查系统漏洞...
⏱️  get_state: 14μs
⏱️  _save_state: 1.3ms
⏱️  update_state: 1.3ms
✅ 系统安全检查通过
📊 正在分析代码质量...
📈 代码质量分析: 扫描 46 个文件，发现 980 个问题
[2026-05-04 23:54:51] [思考守护进程]   StopHook [health_check] 完成
[2026-05-05 00:24:51] [思考守护进程] 开始第 110 轮思考循环

============================================================
🧠 自我思考循环启动 [00:24:51]
============================================================
⏱️  get_state: 136μs
⏱️  get_state: 3μs
⏱️  get_state: 2μs
⏱️  get_state: 2μs
⏱️  get_state: 2μs
⏱️  get_state: 1μs
⏱️  get_state: 1μs
⏱️  get_state: 1μs
⏱️  get_state: 1μs
⏱️  get_state: 2μs
⏱️  get_global_state: 212μs
🎯 初始化自我学习系统
✅ 自我学习系统初始化完成
🔍 正在检查系统漏洞...
⏱️  get_state: 12μs
⏱️  _save_state: 1.7ms
⏱️  update_state: 1.7ms
⚠️  发现 1 个新漏洞
   - permission_issue: thought_continuity.py
📊 正在分析代码质量...
📈 代码质量分析: 扫描 47 个文件，发现 990 个问题

  ────────────────────────────────────────
  📊 自我评估
  代码质量: 0 个问题 (stable)
  文档覆盖率: 0.0% | 类型标注: 0.0%
  知识: 1601/120 已学 (1334.2%)
  修改成功率: 100.0%
  ────────────────────────────────────────
  🎯 当前 1 个活跃目标

  ────────────────────────────────────────
  🔍 反思审计 (1 项)
  ⚠️ 重复模式: 1 个洞察与上轮完全相同
  ────────────────────────────────────────
❓ 共 85 个好奇心问题

  ──────────────────────────────
  ❓ watchdog.py 有 2 个函数但几乎没文档，为什么？
[2026-05-05 00:24:52] [思考守护进程] 生成了 1 个洞察
[2026-05-05 00:24:52] [思考守护进程]   跳过修复: 重要性 0.0 < 阈值 0.7
[2026-05-05 00:24:52] [思考守护进程] 第 110 轮完成 (1s) | 连续失败: 0
[2026-05-05 00:54:53] [思考守护进程] 开始第 111 轮思考循环

============================================================
🧠 自我思考循环启动 [00:54:53]
============================================================
⏱️  _load_state: 347μs
⏱️  get_state: 391μs
⏱️  _load_state: 185μs
⏱️  get_state: 202μs
⏱️  _load_state: 153μs
⏱️  get_state: 172μs
⏱️  _load_state: 564μs
⏱️  get_state: 719μs
⏱️  _load_state: 141μs
⏱️  get_state: 153μs
⏱️  _load_state: 175μs
⏱️  get_state: 199μs
⏱️  _load_state: 142μs
⏱️  get_state: 154μs
⏱️  _load_state: 8.7ms
⏱️  get_state: 9.5ms
⏱️  _load_state: 7.0ms
⏱️  get_state: 7.1ms
⏱️  _load_state: 240μs
⏱️  get_state: 258μs
⏱️  get_global_state: 18.9ms
🎯 初始化自我学习系统
✅ 自我学习系统初始化完成
🔍 正在检查系统漏洞...
⏱️  get_state: 11μs
⏱️  _save_state: 844μs
⏱️  update_state: 859μs
✅ 系统安全检查通过
📊 正在分析代码质量...
📈 代码质量分析: 扫描 47 个文件，发现 990 个问题

  ────────────────────────────────────────
  📊 自我评估
  代码质量: 0 个问题 (stable)
  文档覆盖率: 0.0% | 类型标注: 0.0%
  知识: 1745/120 已学 (1454.2%)
  修改成功率: 100.0%
  ────────────────────────────────────────
  🎯 当前 1 个活跃目标

  ────────────────────────────────────────
  🔍 反思审计 (1 项)
  ⚠️ 重复模式: 1 个洞察与上轮完全相同
  ────────────────────────────────────────
❓ 共 85 个好奇心问题

  ──────────────────────────────
  ❓ watchdog.py 有 2 个函数但几乎没文档，为什么？
[2026-05-05 00:54:54] [思考守护进程] 生成了 1 个洞察
[2026-05-05 00:54:54] [思考守护进程]   跳过修复: 重要性 0.0 < 阈值 0.7
[2026-05-05 00:54:54] [思考守护进程] 第 111 轮完成 (2s) | 连续失败: 0
⏱️  get_state: 13μs
⏱️  get_state: 2μs
⏱️  get_state: 2μs
⏱️  get_state: 2μs
⏱️  get_state: 2μs
⏱️  get_state: 1μs
⏱️  get_state: 1μs
⏱️  get_state: 1μs
⏱️  get_state: 1μs
⏱️  get_state: 1μs
⏱️  get_global_state: 88μs
🎯 初始化自我学习系统
✅ 自我学习系统初始化完成
🔍 正在检查系统漏洞...
⏱️  get_state: 11μs
⏱️  _save_state: 736μs
⏱️  update_state: 751μs
✅ 系统安全检查通过
📊 正在分析代码质量...
📈 代码质量分析: 扫描 47 个文件，发现 990 个问题
[2026-05-05 00:54:55] [思考守护进程]   StopHook [health_check] 完成
[2026-05-05 01:24:55] [思考守护进程] 开始第 112 轮思考循环

============================================================
🧠 自我思考循环启动 [01:24:55]
============================================================
⏱️  get_state: 15μs
⏱️  get_state: 3μs
⏱️  get_state: 3μs
⏱️  get_state: 2μs
⏱️  get_state: 2μs
⏱️  get_state: 2μs
⏱️  get_state: 2μs
⏱️  get_state: 2μs
⏱️  get_state: 2μs
⏱️  get_state: 2μs
⏱️  get_global_state: 111μs
🎯 初始化自我学习系统
✅ 自我学习系统初始化完成
🔍 正在检查系统漏洞...
⏱️  get_state: 16μs
⏱️  _save_state: 1.4ms
⏱️  update_state: 1.4ms
✅ 系统安全检查通过
📊 正在分析代码质量...
📈 代码质量分析: 扫描 47 个文件，发现 990 个问题

  ────────────────────────────────────────
  📊 自我评估
  代码质量: 0 个问题 (stable)
  文档覆盖率: 0.0% | 类型标注: 0.0%
  知识: 1849/120 已学 (1540.8%)
  修改成功率: 100.0%
  ────────────────────────────────────────
  🎯 当前 1 个活跃目标

  ────────────────────────────────────────
  🔍 反思审计 (1 项)
  ⚠️ 重复模式: 1 个洞察与上轮完全相同
  ────────────────────────────────────────
❓ 共 84 个好奇心问题

  ──────────────────────────────
  ❓ watchdog.py 有 2 个函数但几乎没文档，为什么？
[2026-05-05 01:24:57] [思考守护进程] 生成了 1 个洞察
[2026-05-05 01:24:57] [思考守护进程]   跳过修复: 重要性 0.0 < 阈值 0.7
[2026-05-05 01:24:57] [思考守护进程] 第 112 轮完成 (2s) | 连续失败: 0
[2026-05-05 01:54:57] [思考守护进程] 开始第 113 轮思考循环

============================================================
🧠 自我思考循环启动 [01:54:57]
============================================================
⏱️  _load_state: 416μs
⏱️  get_state: 456μs
⏱️  _load_state: 271μs
⏱️  get_state: 305μs
⏱️  _load_state: 222μs
⏱️  get_state: 250μs
⏱️  _load_state: 839μs
⏱️  get_state: 988μs
⏱️  _load_state: 257μs
⏱️  get_state: 281μs
⏱️  _load_state: 453μs
⏱️  get_state: 497μs
⏱️  _load_state: 287μs
⏱️  get_state: 310μs
⏱️  _load_state: 28.0ms
⏱️  get_state: 28.9ms
⏱️  _load_state: 8.8ms
⏱️  get_state: 8.9ms
⏱️  _load_state: 308μs
⏱️  get_state: 334μs
⏱️  get_global_state: 41.3ms
🎯 初始化自我学习系统
✅ 自我学习系统初始化完成
🔍 正在检查系统漏洞...
⏱️  get_state: 13μs
⏱️  _save_state: 1.1ms
⏱️  update_state: 1.1ms
✅ 系统安全检查通过
📊 正在分析代码质量...
📈 代码质量分析: 扫描 47 个文件，发现 990 个问题

  ────────────────────────────────────────
  📊 自我评估
  代码质量: 0 个问题 (stable)
  文档覆盖率: 0.0% | 类型标注: 0.0%
  知识: 1901/120 已学 (1584.2%)
  修改成功率: 100.0%
  ────────────────────────────────────────
  🎯 当前 1 个活跃目标

  ────────────────────────────────────────
  🔍 反思审计 (1 项)
  ⚠️ 重复模式: 1 个洞察与上轮完全相同
  ────────────────────────────────────────
❓ 共 84 个好奇心问题

  ──────────────────────────────
  ❓ watchdog.py 有 2 个函数但几乎没文档，为什么？
[2026-05-05 01:54:59] [思考守护进程] 生成了 1 个洞察
[2026-05-05 01:54:59] [思考守护进程]   跳过修复: 重要性 0.0 < 阈值 0.7
[2026-05-05 01:54:59] [思考守护进程] 第 113 轮完成 (2s) | 连续失败: 0
⏱️  get_state: 11μs
⏱️  get_state: 2μs
⏱️  get_state: 2μs
⏱️  get_state: 1μs
⏱️  get_state: 1μs
⏱️  get_state: 2μs
⏱️  get_state: 1μs
⏱️  get_state: 1μs
⏱️  get_state: 2μs
⏱️  get_state: 1μs
⏱️  get_global_state: 78μs
🎯 初始化自我学习系统
✅ 自我学习系统初始化完成
🔍 正在检查系统漏洞...
⏱️  get_state: 13μs
⏱️  _save_state: 1.0ms
⏱️  update_state: 1.1ms
✅ 系统安全检查通过
📊 正在分析代码质量...
📈 代码质量分析: 扫描 47 个文件，发现 990 个问题
[2026-05-05 01:55:00] [思考守护进程]   StopHook [health_check] 完成
[2026-05-05 02:25:00] [思考守护进程] 开始第 114 轮思考循环

============================================================
🧠 自我思考循环启动 [02:25:00]
============================================================
⏱️  get_state: 11μs
⏱️  get_state: 2μs
⏱️  get_state: 2μs
⏱️  get_state: 2μs
⏱️  get_state: 2μs
⏱️  get_state: 1μs
⏱️  get_state: 1μs
⏱️  get_state: 1μs
⏱️  get_state: 1μs
⏱️  get_state: 1μs
⏱️  get_global_state: 80μs
🎯 初始化自我学习系统
✅ 自我学习系统初始化完成
🔍 正在检查系统漏洞...
⏱️  get_state: 14μs
⏱️  _save_state: 1.0ms
⏱️  update_state: 1.0ms
✅ 系统安全检查通过
📊 正在分析代码质量...
📈 代码质量分析: 扫描 47 个文件，发现 990 个问题

  ────────────────────────────────────────
  📊 自我评估
  代码质量: 0 个问题 (stable)
  文档覆盖率: 0.0% | 类型标注: 0.0%
  知识: 1948/120 已学 (1623.3%)
  修改成功率: 100.0%
  ────────────────────────────────────────
  🎯 当前 1 个活跃目标

  ────────────────────────────────────────
  🔍 反思审计 (1 项)
  ⚠️ 重复模式: 1 个洞察与上轮完全相同
  ────────────────────────────────────────
❓ 共 84 个好奇心问题

  ──────────────────────────────
  ❓ watchdog.py 有 2 个函数但几乎没文档，为什么？
[2026-05-05 02:25:01] [思考守护进程] 生成了 1 个洞察
[2026-05-05 02:25:01] [思考守护进程]   跳过修复: 重要性 0.0 < 阈值 0.7
[2026-05-05 02:25:01] [思考守护进程] 第 114 轮完成 (2s) | 连续失败: 0
[2026-05-05 02:55:02] [思考守护进程] 开始第 115 轮思考循环

============================================================
🧠 自我思考循环启动 [02:55:02]
============================================================
⏱️  _load_state: 275μs
⏱️  get_state: 311μs
⏱️  _load_state: 144μs
⏱️  get_state: 156μs
⏱️  _load_state: 125μs
⏱️  get_state: 135μs
⏱️  _load_state: 429μs
⏱️  get_state: 523μs
⏱️  _load_state: 123μs
⏱️  get_state: 133μs
⏱️  _load_state: 155μs
⏱️  get_state: 170μs
⏱️  _load_state: 121μs
⏱️  get_state: 131μs
⏱️  _load_state: 17.0ms
⏱️  get_state: 17.6ms
⏱️  _load_state: 5.9ms
⏱️  get_state: 6.0ms
⏱️  _load_state: 191μs
⏱️  get_state: 207μs
⏱️  get_global_state: 25.4ms
🎯 初始化自我学习系统
✅ 自我学习系统初始化完成
🔍 正在检查系统漏洞...
⏱️  get_state: 11μs
⏱️  _save_state: 687μs
⏱️  update_state: 700μs
✅ 系统安全检查通过
📊 正在分析代码质量...
📈 代码质量分析: 扫描 47 个文件，发现 990 个问题

  ────────────────────────────────────────
  📊 自我评估
  代码质量: 0 个问题 (stable)
  文档覆盖率: 0.0% | 类型标注: 0.0%
  知识: 1990/120 已学 (1658.3%)
  修改成功率: 100.0%
  ────────────────────────────────────────
  🎯 当前 1 个活跃目标

  ────────────────────────────────────────
  🔍 反思审计 (1 项)
  ⚠️ 重复模式: 1 个洞察与上轮完全相同
  ────────────────────────────────────────
❓ 共 84 个好奇心问题

  ──────────────────────────────
  ❓ watchdog.py 有 2 个函数但几乎没文档，为什么？
[2026-05-05 02:55:03] [思考守护进程] 生成了 1 个洞察
[2026-05-05 02:55:03] [思考守护进程]   跳过修复: 重要性 0.0 < 阈值 0.7
[2026-05-05 02:55:03] [思考守护进程] 第 115 轮完成 (1s) | 连续失败: 0
⏱️  get_state: 12μs
⏱️  get_state: 2μs
⏱️  get_state: 2μs
⏱️  get_state: 1μs
⏱️  get_state: 2μs
⏱️  get_state: 1μs
⏱️  get_state: 1μs
⏱️  get_state: 1μs
⏱️  get_state: 1μs
⏱️  get_state: 1μs
⏱️  get_global_state: 73μs
🎯 初始化自我学习系统
✅ 自我学习系统初始化完成
🔍 正在检查系统漏洞...
⏱️  get_state: 12μs
⏱️  _save_state: 822μs
⏱️  update_state: 836μs
✅ 系统安全检查通过
📊 正在分析代码质量...
📈 代码质量分析: 扫描 47 个文件，发现 990 个问题
[2026-05-05 02:55:03] [思考守护进程]   StopHook [health_check] 完成
[2026-05-05 03:25:03] [思考守护进程] 开始第 116 轮思考循环

============================================================
🧠 自我思考循环启动 [03:25:03]
============================================================
⏱️  get_state: 15μs
⏱️  get_state: 3μs
⏱️  get_state: 3μs
⏱️  get_state: 2μs
⏱️  get_state: 2μs
⏱️  get_state: 2μs
⏱️  get_state: 2μs
⏱️  get_state: 2μs
⏱️  get_state: 2μs
⏱️  get_state: 2μs
⏱️  get_global_state: 110μs
🎯 初始化自我学习系统
✅ 自我学习系统初始化完成
🔍 正在检查系统漏洞...
⏱️  get_state: 15μs
⏱️  _save_state: 1.5ms
⏱️  update_state: 1.5ms
✅ 系统安全检查通过
📊 正在分析代码质量...
📈 代码质量分析: 扫描 47 个文件，发现 990 个问题

  ────────────────────────────────────────
  📖 学习新知识 (5/120):
  📄⭐ 知识缺口: 数据结构与算法
     概念: 数据结构与算法, 知识缺口
  📄⭐ 知识缺口: 系统设计
     概念: 系统设计, 知识缺口
  📄⭐ 知识缺口: 计算机基础
     概念: 计算机基础, 知识缺口
  📄⭐ 知识缺口: 安全
     概念: 安全, 知识缺口
  📄⭐ crawler_learning_bridge 模块分析
     概念: crawler_learning_bridge, 模块分析, CrawlerLearningBridge
  ────────────────────────────────────────

  ────────────────────────────────────────
  📊 自我评估
  代码质量: 0 个问题 (stable)
  文档覆盖率: 0.0% | 类型标注: 0.0%
  知识: 2047/120 已学 (1705.8%)
  修改成功率: 100.0%
  ────────────────────────────────────────
  🎯 当前 1 个活跃目标

  ────────────────────────────────────────
  🔍 反思审计 (1 项)
  ⚠️ 重复模式: 1 个洞察与上轮完全相同
  ────────────────────────────────────────
  💡 学习触发了 3 个新问题
❓ 共 88 个好奇心问题

  ──────────────────────────────
  ❓ 函数缺少文档: ai_knowledge_crawler.py:main, ai_knowledge_crawler.py:__init__, content_studio.py:
[2026-05-05 03:25:06] [思考守护进程] 生成了 1 个洞察
[2026-05-05 03:25:06] [思考守护进程]   跳过修复: 重要性 0.0 < 阈值 0.7
[2026-05-05 03:25:06] [思考守护进程] 第 116 轮完成 (3s) | 连续失败: 0
[2026-05-05 03:55:07] [思考守护进程] 开始第 117 轮思考循环

============================================================
🧠 自我思考循环启动 [03:55:07]
============================================================
⏱️  _load_state: 442μs
⏱️  get_state: 487μs
⏱️  _load_state: 340μs
⏱️  get_state: 366μs
⏱️  _load_state: 270μs
⏱️  get_state: 292μs
⏱️  _load_state: 1.1ms
⏱️  get_state: 1.3ms
⏱️  _load_state: 321μs
⏱️  get_state: 345μs
⏱️  _load_state: 358μs
⏱️  get_state: 389μs
⏱️  _load_state: 291μs
⏱️  get_state: 314μs
⏱️  _load_state: 12.8ms
⏱️  get_state: 13.7ms
⏱️  _load_state: 11.1ms
⏱️  get_state: 11.2ms
⏱️  _load_state: 347μs
⏱️  get_state: 376μs
⏱️  get_global_state: 28.8ms
🎯 初始化自我学习系统
✅ 自我学习系统初始化完成
🔍 正在检查系统漏洞...
⏱️  get_state: 16μs
⏱️  _save_state: 1.4ms
⏱️  update_state: 1.4ms
✅ 系统安全检查通过
📊 正在分析代码质量...
📈 代码质量分析: 扫描 47 个文件，发现 990 个问题

  ────────────────────────────────────────
  📊 自我评估
  代码质量: 0 个问题 (stable)
  文档覆盖率: 0.0% | 类型标注: 0.0%
  知识: 2104/120 已学 (1753.3%)
  修改成功率: 100.0%
  ────────────────────────────────────────
  🎯 当前 1 个活跃目标

  ────────────────────────────────────────
  🔍 反思审计 (1 项)
  🔧 待验证修复: ai_knowledge_crawler.py,content_studio.py,crawler_
  ────────────────────────────────────────
❓ 共 85 个好奇心问题

  ──────────────────────────────
  ❓ watchdog.py 有 2 个函数但几乎没文档，为什么？
⚠️  思考日志保存失败: Extra data: line 116269 column 2 (char 3402850)
[2026-05-05 03:55:08] [思考守护进程] 生成了 1 个洞察
[2026-05-05 03:55:08] [思考守护进程]   跳过修复: 重要性 0.0 < 阈值 0.7
[2026-05-05 03:55:08] [思考守护进程] 第 117 轮完成 (2s) | 连续失败: 0
⏱️  get_state: 13μs
⏱️  get_state: 3μs
⏱️  get_state: 3μs
⏱️  get_state: 2μs
⏱️  get_state: 2μs
⏱️  get_state: 2μs
⏱️  get_state: 2μs
⏱️  get_state: 2μs
⏱️  get_state: 2μs
⏱️  get_state: 2μs
⏱️  get_global_state: 103μs
🎯 初始化自我学习系统
✅ 自我学习系统初始化完成
🔍 正在检查系统漏洞...
⏱️  get_state: 15μs
⏱️  _save_state: 1.4ms
⏱️  update_state: 1.4ms
✅ 系统安全检查通过
📊 正在分析代码质量...
📈 代码质量分析: 扫描 47 个文件，发现 990 个问题
[2026-05-05 03:55:09] [思考守护进程]   StopHook [health_check] 完成
[2026-05-05 04:25:09] [思考守护进程] 开始第 118 轮思考循环

============================================================
🧠 自我思考循环启动 [04:25:09]
============================================================
⏱️  get_state: 14μs
⏱️  get_state: 3μs
⏱️  get_state: 2μs
⏱️  get_state: 2μs
⏱️  get_state: 3μs
⏱️  get_state: 2μs
⏱️  get_state: 2μs
⏱️  get_state: 2μs
⏱️  get_state: 2μs
⏱️  get_state: 2μs
⏱️  get_global_state: 103μs
🎯 初始化自我学习系统
✅ 自我学习系统初始化完成
🔍 正在检查系统漏洞...
⏱️  get_state: 17μs
⏱️  _save_state: 1.4ms
⏱️  update_state: 1.4ms
✅ 系统安全检查通过
📊 正在分析代码质量...
📈 代码质量分析: 扫描 47 个文件，发现 990 个问题

  ────────────────────────────────────────
  📊 自我评估
  代码质量: 0 个问题 (stable)
  文档覆盖率: 0.0% | 类型标注: 0.0%
  知识: 2143/120 已学 (1785.8%)
  修改成功率: 100.0%
  ────────────────────────────────────────
  🎯 当前 1 个活跃目标
❓ 共 85 个好奇心问题

  ──────────────────────────────
  ❓ watchdog.py 有 2 个函数但几乎没文档，为什么？
⚠️  思考日志保存失败: Extra data: line 116269 column 2 (char 3402850)
[2026-05-05 04:25:10] [思考守护进程] 生成了 1 个洞察
[2026-05-05 04:25:10] [思考守护进程]   跳过修复: 重要性 0.0 < 阈值 0.7
[2026-05-05 04:25:10] [思考守护进程] 第 118 轮完成 (1s) | 连续失败: 0
[2026-05-05 04:55:11] [思考守护进程] 开始第 119 轮思考循环

============================================================
🧠 自我思考循环启动 [04:55:11]
============================================================
⏱️  _load_state: 594μs
⏱️  get_state: 650μs
⏱️  _load_state: 389μs
⏱️  get_state: 424μs
⏱️  _load_state: 352μs
⏱️  get_state: 386μs
⏱️  _load_state: 1.0ms
⏱️  get_state: 1.2ms
⏱️  _load_state: 305μs
⏱️  get_state: 332μs
⏱️  _load_state: 334μs
⏱️  get_state: 365μs
⏱️  _load_state: 329μs
⏱️  get_state: 359μs
⏱️  _load_state: 12.1ms
⏱️  get_state: 12.9ms
⏱️  _load_state: 11.7ms
⏱️  get_state: 11.8ms
⏱️  _load_state: 343μs
⏱️  get_state: 373μs
⏱️  get_global_state: 28.9ms
🎯 初始化自我学习系统
✅ 自我学习系统初始化完成
🔍 正在检查系统漏洞...
⏱️  get_state: 16μs
⏱️  _save_state: 1.3ms
⏱️  update_state: 1.3ms
✅ 系统安全检查通过
📊 正在分析代码质量...
📈 代码质量分析: 扫描 47 个文件，发现 990 个问题

  ────────────────────────────────────────
  📊 自我评估
  代码质量: 0 个问题 (stable)
  文档覆盖率: 0.0% | 类型标注: 0.0%
  知识: 2182/120 已学 (1818.3%)
  修改成功率: 100.0%
  ────────────────────────────────────────
  🎯 当前 1 个活跃目标

  ────────────────────────────────────────
  🔍 反思审计 (1 项)
  ⚠️ 重复模式: 1 个洞察与上轮完全相同
  ────────────────────────────────────────
❓ 共 85 个好奇心问题

  ──────────────────────────────
  ❓ watchdog.py 有 2 个函数但几乎没文档，为什么？
⚠️  思考日志保存失败: Extra data: line 116269 column 2 (char 3402850)
[2026-05-05 04:55:12] [思考守护进程] 生成了 1 个洞察
[2026-05-05 04:55:12] [思考守护进程]   跳过修复: 重要性 0.0 < 阈值 0.7
[2026-05-05 04:55:12] [思考守护进程] 第 119 轮完成 (2s) | 连续失败: 0
⏱️  get_state: 13μs
⏱️  get_state: 2μs
⏱️  get_state: 2μs
⏱️  get_state: 2μs
⏱️  get_state: 2μs
⏱️  get_state: 1μs
⏱️  get_state: 2μs
⏱️  get_state: 1μs
⏱️  get_state: 1μs
⏱️  get_state: 1μs
⏱️  get_global_state: 88μs
🎯 初始化自我学习系统
✅ 自我学习系统初始化完成
🔍 正在检查系统漏洞...
⏱️  get_state: 12μs
⏱️  _save_state: 950μs
⏱️  update_state: 968μs
✅ 系统安全检查通过
📊 正在分析代码质量...
📈 代码质量分析: 扫描 47 个文件，发现 990 个问题
[2026-05-05 04:55:13] [思考守护进程]   StopHook [health_check] 完成
[2026-05-05 05:25:13] [思考守护进程] 开始第 120 轮思考循环

============================================================
🧠 自我思考循环启动 [05:25:13]
============================================================
⏱️  get_state: 10μs
⏱️  get_state: 2μs
⏱️  get_state: 2μs
⏱️  get_state: 1μs
⏱️  get_state: 1μs
⏱️  get_state: 1μs
⏱️  get_state: 1μs
⏱️  get_state: 1μs
⏱️  get_state: 1μs
⏱️  get_state: 1μs
⏱️  get_global_state: 60μs
🎯 初始化自我学习系统
✅ 自我学习系统初始化完成
🔍 正在检查系统漏洞...
⏱️  get_state: 9μs
⏱️  _save_state: 671μs
⏱️  update_state: 684μs
✅ 系统安全检查通过
📊 正在分析代码质量...
📈 代码质量分析: 扫描 47 个文件，发现 990 个问题

  ────────────────────────────────────────
  📊 自我评估
  代码质量: 0 个问题 (stable)
  文档覆盖率: 0.0% | 类型标注: 0.0%
  知识: 2216/120 已学 (1846.7%)
  修改成功率: 100.0%
  ────────────────────────────────────────
  🎯 当前 1 个活跃目标

  ────────────────────────────────────────
  🔍 反思审计 (1 项)
  ⚠️ 重复模式: 1 个洞察与上轮完全相同
  ────────────────────────────────────────
❓ 共 85 个好奇心问题

  ──────────────────────────────
  ❓ watchdog.py 有 2 个函数但几乎没文档，为什么？
⚠️  思考日志保存失败: Extra data: line 116269 column 2 (char 3402850)
[2026-05-05 05:25:14] [思考守护进程] 生成了 1 个洞察
[2026-05-05 05:25:14] [思考守护进程]   跳过修复: 重要性 0.0 < 阈值 0.7
[2026-05-05 05:25:14] [思考守护进程] 第 120 轮完成 (1s) | 连续失败: 0
[2026-05-05 05:55:14] [思考守护进程] 开始第 121 轮思考循环

============================================================
🧠 自我思考循环启动 [05:55:14]
============================================================
⏱️  _load_state: 478μs
⏱️  get_state: 527μs
⏱️  _load_state: 315μs
⏱️  get_state: 342μs
⏱️  _load_state: 264μs
⏱️  get_state: 286μs
⏱️  _load_state: 1.0ms
⏱️  get_state: 1.2ms
⏱️  _load_state: 332μs
⏱️  get_state: 359μs
⏱️  _load_state: 335μs
⏱️  get_state: 366μs
⏱️  _load_state: 250μs
⏱️  get_state: 271μs
⏱️  _load_state: 24.5ms
⏱️  get_state: 25.2ms
⏱️  _load_state: 10.0ms
⏱️  get_state: 10.1ms
⏱️  _load_state: 333μs
⏱️  get_state: 361μs
⏱️  get_global_state: 39.1ms
🎯 初始化自我学习系统
✅ 自我学习系统初始化完成
🔍 正在检查系统漏洞...
⏱️  get_state: 20μs
⏱️  _save_state: 1.5ms
⏱️  update_state: 1.5ms
✅ 系统安全检查通过
📊 正在分析代码质量...
📈 代码质量分析: 扫描 47 个文件，发现 990 个问题

  ────────────────────────────────────────
  📊 自我评估
  代码质量: 0 个问题 (stable)
  文档覆盖率: 0.0% | 类型标注: 0.0%
  知识: 2265/120 已学 (1887.5%)
  修改成功率: 100.0%
  ────────────────────────────────────────
  🎯 当前 1 个活跃目标

  ────────────────────────────────────────
  🔍 反思审计 (1 项)
  ⚠️ 重复模式: 1 个洞察与上轮完全相同
  ────────────────────────────────────────
❓ 共 85 个好奇心问题

  ──────────────────────────────
  ❓ watchdog.py 有 2 个函数但几乎没文档，为什么？
⚠️  思考日志保存失败: Extra data: line 116269 column 2 (char 3402850)
[2026-05-05 05:55:16] [思考守护进程] 生成了 1 个洞察
[2026-05-05 05:55:16] [思考守护进程]   跳过修复: 重要性 0.0 < 阈值 0.7
[2026-05-05 05:55:16] [思考守护进程] 第 121 轮完成 (2s) | 连续失败: 0
⏱️  get_state: 15μs
⏱️  get_state: 4μs
⏱️  get_state: 3μs
⏱️  get_state: 2μs
⏱️  get_state: 2μs
⏱️  get_state: 2μs
⏱️  get_state: 2μs
⏱️  get_state: 2μs
⏱️  get_state: 2μs
⏱️  get_state: 2μs
⏱️  get_global_state: 113μs
🎯 初始化自我学习系统
✅ 自我学习系统初始化完成
🔍 正在检查系统漏洞...
⏱️  get_state: 17μs
⏱️  _save_state: 1.5ms
⏱️  update_state: 1.5ms
✅ 系统安全检查通过
📊 正在分析代码质量...
📈 代码质量分析: 扫描 47 个文件，发现 990 个问题
[2026-05-05 05:55:17] [思考守护进程]   StopHook [health_check] 完成
[2026-05-05 06:25:16] [思考守护进程] 开始第 122 轮思考循环

============================================================
🧠 自我思考循环启动 [06:25:16]
============================================================
⏱️  get_state: 19μs
⏱️  get_state: 4μs
⏱️  get_state: 3μs
⏱️  get_state: 2μs
⏱️  get_state: 2μs
⏱️  get_state: 2μs
⏱️  get_state: 2μs
⏱️  get_state: 2μs
⏱️  get_state: 2μs
⏱️  get_state: 2μs
⏱️  get_global_state: 124μs
🎯 初始化自我学习系统
✅ 自我学习系统初始化完成
🔍 正在检查系统漏洞...
⏱️  get_state: 17μs
⏱️  _save_state: 1.7ms
⏱️  update_state: 1.7ms
✅ 系统安全检查通过
📊 正在分析代码质量...
📈 代码质量分析: 扫描 47 个文件，发现 990 个问题

  ────────────────────────────────────────
  📊 自我评估
  代码质量: 0 个问题 (stable)
  文档覆盖率: 0.0% | 类型标注: 0.0%
  知识: 2308/120 已学 (1923.3%)
  修改成功率: 100.0%
  ────────────────────────────────────────
  🎯 当前 1 个活跃目标

  ────────────────────────────────────────
  🔍 反思审计 (1 项)
  ⚠️ 重复模式: 1 个洞察与上轮完全相同
  ────────────────────────────────────────
❓ 共 85 个好奇心问题

  ──────────────────────────────
  ❓ watchdog.py 有 2 个函数但几乎没文档，为什么？
⚠️  思考日志保存失败: Extra data: line 116269 column 2 (char 3402850)
[2026-05-05 06:25:18] [思考守护进程] 生成了 1 个洞察
[2026-05-05 06:25:18] [思考守护进程]   跳过修复: 重要性 0.0 < 阈值 0.7
[2026-05-05 06:25:18] [思考守护进程] 第 122 轮完成 (1s) | 连续失败: 0
[2026-05-05 06:55:18] [思考守护进程] 开始第 123 轮思考循环

============================================================
🧠 自我思考循环启动 [06:55:18]
============================================================
⏱️  _load_state: 447μs
⏱️  get_state: 489μs
⏱️  _load_state: 240μs
⏱️  get_state: 261μs
⏱️  _load_state: 232μs
⏱️  get_state: 251μs
⏱️  _load_state: 778μs
⏱️  get_state: 893μs
⏱️  _load_state: 214μs
⏱️  get_state: 231μs
⏱️  _load_state: 287μs
⏱️  get_state: 311μs
⏱️  _load_state: 230μs
⏱️  get_state: 247μs
⏱️  _load_state: 12.0ms
⏱️  get_state: 12.7ms
⏱️  _load_state: 10.7ms
⏱️  get_state: 10.8ms
⏱️  _load_state: 298μs
⏱️  get_state: 322μs
⏱️  get_global_state: 26.5ms
🎯 初始化自我学习系统
✅ 自我学习系统初始化完成
🔍 正在检查系统漏洞...
⏱️  get_state: 13μs
⏱️  _save_state: 1.2ms
⏱️  update_state: 1.5ms
✅ 系统安全检查通过
📊 正在分析代码质量...
📈 代码质量分析: 扫描 47 个文件，发现 990 个问题

  ────────────────────────────────────────
  📊 自我评估
  代码质量: 0 个问题 (stable)
  文档覆盖率: 0.0% | 类型标注: 0.0%
  知识: 2347/120 已学 (1955.8%)
  修改成功率: 100.0%
  ────────────────────────────────────────
  🎯 当前 1 个活跃目标

  ────────────────────────────────────────
  🔍 反思审计 (1 项)
  ⚠️ 重复模式: 1 个洞察与上轮完全相同
  ────────────────────────────────────────
❓ 共 84 个好奇心问题

  ──────────────────────────────
  ❓ watchdog.py 有 2 个函数但几乎没文档，为什么？
⚠️  思考日志保存失败: Extra data: line 116269 column 2 (char 3402850)
[2026-05-05 06:55:20] [思考守护进程] 生成了 1 个洞察
[2026-05-05 06:55:20] [思考守护进程]   跳过修复: 重要性 0.0 < 阈值 0.7
[2026-05-05 06:55:20] [思考守护进程] 第 123 轮完成 (1s) | 连续失败: 0
⏱️  get_state: 10μs
⏱️  get_state: 2μs
⏱️  get_state: 2μs
⏱️  get_state: 1μs
⏱️  get_state: 1μs
⏱️  get_state: 1μs
⏱️  get_state: 1μs
⏱️  get_state: 1μs
⏱️  get_state: 1μs
⏱️  get_state: 1μs
⏱️  get_global_state: 71μs
🎯 初始化自我学习系统
✅ 自我学习系统初始化完成
🔍 正在检查系统漏洞...
⏱️  get_state: 12μs
⏱️  _save_state: 850μs
⏱️  update_state: 866μs
✅ 系统安全检查通过
📊 正在分析代码质量...
📈 代码质量分析: 扫描 47 个文件，发现 990 个问题
[2026-05-05 06:55:20] [思考守护进程]   StopHook [health_check] 完成
[2026-05-05 07:25:20] [思考守护进程] 开始第 124 轮思考循环

============================================================
🧠 自我思考循环启动 [07:25:20]
============================================================
⏱️  get_state: 12μs
⏱️  get_state: 2μs
⏱️  get_state: 2μs
⏱️  get_state: 2μs
⏱️  get_state: 1μs
⏱️  get_state: 1μs
⏱️  get_state: 1μs
⏱️  get_state: 1μs
⏱️  get_state: 1μs
⏱️  get_state: 1μs
⏱️  get_global_state: 72μs
🎯 初始化自我学习系统
✅ 自我学习系统初始化完成
🔍 正在检查系统漏洞...
⏱️  get_state: 12μs
⏱️  _save_state: 840μs
⏱️  update_state: 857μs
✅ 系统安全检查通过
📊 正在分析代码质量...
📈 代码质量分析: 扫描 47 个文件，发现 990 个问题

  ────────────────────────────────────────
  📊 自我评估
  代码质量: 0 个问题 (stable)
  文档覆盖率: 0.0% | 类型标注: 0.0%
  知识: 2384/120 已学 (1986.7%)
  修改成功率: 100.0%
  ────────────────────────────────────────
  🎯 当前 1 个活跃目标

  ────────────────────────────────────────
  🔍 反思审计 (1 项)
  ⚠️ 重复模式: 1 个洞察与上轮完全相同
  ────────────────────────────────────────
❓ 共 84 个好奇心问题

  ──────────────────────────────
  ❓ watchdog.py 有 2 个函数但几乎没文档，为什么？
⚠️  思考日志保存失败: Extra data: line 116269 column 2 (char 3402850)
[2026-05-05 07:25:21] [思考守护进程] 生成了 1 个洞察
[2026-05-05 07:25:21] [思考守护进程]   跳过修复: 重要性 0.0 < 阈值 0.7
[2026-05-05 07:25:21] [思考守护进程] 第 124 轮完成 (1s) | 连续失败: 0
[2026-05-05 07:55:22] [思考守护进程] 开始第 125 轮思考循环

============================================================
🧠 自我思考循环启动 [07:55:22]
============================================================
⏱️  _load_state: 320μs
⏱️  get_state: 355μs
⏱️  _load_state: 181μs
⏱️  get_state: 196μs
⏱️  _load_state: 158μs
⏱️  get_state: 171μs
⏱️  _load_state: 551μs
⏱️  get_state: 658μs
⏱️  _load_state: 160μs
⏱️  get_state: 174μs
⏱️  _load_state: 204μs
⏱️  get_state: 223μs
⏱️  _load_state: 157μs
⏱️  get_state: 169μs
⏱️  _load_state: 19.5ms
⏱️  get_state: 20.3ms
⏱️  _load_state: 6.7ms
⏱️  get_state: 6.7ms
⏱️  _load_state: 211μs
⏱️  get_state: 228μs
⏱️  get_global_state: 29.3ms
🎯 初始化自我学习系统
✅ 自我学习系统初始化完成
🔍 正在检查系统漏洞...
⏱️  get_state: 13μs
⏱️  _save_state: 1.3ms
⏱️  update_state: 1.4ms
✅ 系统安全检查通过
📊 正在分析代码质量...
📈 代码质量分析: 扫描 47 个文件，发现 990 个问题

  ────────────────────────────────────────
  📊 自我评估
  代码质量: 0 个问题 (stable)
  文档覆盖率: 0.0% | 类型标注: 0.0%
  知识: 2421/120 已学 (2017.5%)
  修改成功率: 100.0%
  ────────────────────────────────────────
  🎯 当前 1 个活跃目标

  ────────────────────────────────────────
  🔍 反思审计 (1 项)
  ⚠️ 重复模式: 1 个洞察与上轮完全相同
  ────────────────────────────────────────
❓ 共 84 个好奇心问题

  ──────────────────────────────
  ❓ watchdog.py 有 2 个函数但几乎没文档，为什么？
⚠️  思考日志保存失败: Extra data: line 116269 column 2 (char 3402850)
[2026-05-05 07:55:23] [思考守护进程] 生成了 1 个洞察
[2026-05-05 07:55:23] [思考守护进程]   跳过修复: 重要性 0.0 < 阈值 0.7
[2026-05-05 07:55:23] [思考守护进程] 第 125 轮完成 (1s) | 连续失败: 0
⏱️  get_state: 9μs
⏱️  get_state: 2μs
⏱️  get_state: 2μs
⏱️  get_state: 1μs
⏱️  get_state: 1μs
⏱️  get_state: 1μs
⏱️  get_state: 1μs
⏱️  get_state: 1μs
⏱️  get_state: 1μs
⏱️  get_state: 1μs
⏱️  get_global_state: 61μs
🎯 初始化自我学习系统
✅ 自我学习系统初始化完成
🔍 正在检查系统漏洞...
⏱️  get_state: 11μs
⏱️  _save_state: 718μs
⏱️  update_state: 732μs
✅ 系统安全检查通过
📊 正在分析代码质量...
📈 代码质量分析: 扫描 47 个文件，发现 990 个问题
[2026-05-05 07:55:24] [思考守护进程]   StopHook [health_check] 完成
[2026-05-05 08:25:24] [思考守护进程] 开始第 126 轮思考循环

============================================================
🧠 自我思考循环启动 [08:25:24]
============================================================
⏱️  get_state: 10μs
⏱️  get_state: 2μs
⏱️  get_state: 2μs
⏱️  get_state: 1μs
⏱️  get_state: 1μs
⏱️  get_state: 1μs
⏱️  get_state: 1μs
⏱️  get_state: 1μs
⏱️  get_state: 1μs
⏱️  get_state: 1μs
⏱️  get_global_state: 59μs
🎯 初始化自我学习系统
✅ 自我学习系统初始化完成
🔍 正在检查系统漏洞...
⏱️  get_state: 11μs
⏱️  _save_state: 823μs
⏱️  update_state: 843μs
✅ 系统安全检查通过
📊 正在分析代码质量...
📈 代码质量分析: 扫描 47 个文件，发现 990 个问题

  ────────────────────────────────────────
  📊 自我评估
  代码质量: 0 个问题 (stable)
  文档覆盖率: 0.0% | 类型标注: 0.0%
  知识: 2466/120 已学 (2055.0%)
  修改成功率: 100.0%
  ────────────────────────────────────────
  🎯 当前 1 个活跃目标

  ────────────────────────────────────────
  🔍 反思审计 (1 项)
  ⚠️ 重复模式: 1 个洞察与上轮完全相同
  ────────────────────────────────────────
❓ 共 84 个好奇心问题

  ──────────────────────────────
  ❓ watchdog.py 有 2 个函数但几乎没文档，为什么？
⚠️  思考日志保存失败: Extra data: line 116269 column 2 (char 3402850)
[2026-05-05 08:25:24] [思考守护进程] 生成了 1 个洞察
[2026-05-05 08:25:24] [思考守护进程]   跳过修复: 重要性 0.0 < 阈值 0.7
[2026-05-05 08:25:24] [思考守护进程] 第 126 轮完成 (1s) | 连续失败: 0
[2026-05-05 08:55:25] [思考守护进程] 开始第 127 轮思考循环

============================================================
🧠 自我思考循环启动 [08:55:25]
============================================================
⏱️  _load_state: 424μs
⏱️  get_state: 465μs
⏱️  _load_state: 268μs
⏱️  get_state: 289μs
⏱️  _load_state: 224μs
⏱️  get_state: 242μs
⏱️  _load_state: 1.0ms
⏱️  get_state: 1.2ms
⏱️  _load_state: 276μs
⏱️  get_state: 297μs
⏱️  _load_state: 280μs
⏱️  get_state: 306μs
⏱️  _load_state: 220μs
⏱️  get_state: 238μs
⏱️  _load_state: 11.4ms
⏱️  get_state: 12.2ms
⏱️  _load_state: 10.5ms
⏱️  get_state: 10.6ms
⏱️  _load_state: 313μs
⏱️  get_state: 336μs
⏱️  get_global_state: 26.2ms
🎯 初始化自我学习系统
✅ 自我学习系统初始化完成
🔍 正在检查系统漏洞...
⏱️  get_state: 16μs
⏱️  _save_state: 1.2ms
⏱️  update_state: 1.2ms
✅ 系统安全检查通过
📊 正在分析代码质量...
📈 代码质量分析: 扫描 47 个文件，发现 990 个问题

  ────────────────────────────────────────
  📊 自我评估
  代码质量: 0 个问题 (stable)
  文档覆盖率: 0.0% | 类型标注: 0.0%
  知识: 2472/120 已学 (2060.0%)
  修改成功率: 100.0%
  ────────────────────────────────────────
  🎯 当前 1 个活跃目标

  ────────────────────────────────────────
  🔍 反思审计 (1 项)
  ⚠️ 重复模式: 1 个洞察与上轮完全相同
  ────────────────────────────────────────
❓ 共 84 个好奇心问题

  ──────────────────────────────
  ❓ watchdog.py 有 2 个函数但几乎没文档，为什么？
⚠️  思考日志保存失败: Extra data: line 116269 column 2 (char 3402850)
[2026-05-05 08:55:26] [思考守护进程] 生成了 1 个洞察
[2026-05-05 08:55:26] [思考守护进程]   跳过修复: 重要性 0.0 < 阈值 0.7
[2026-05-05 08:55:26] [思考守护进程] 第 127 轮完成 (1s) | 连续失败: 0
⏱️  get_state: 11μs
⏱️  get_state: 2μs
⏱️  get_state: 2μs
⏱️  get_state: 2μs
⏱️  get_state: 1μs
⏱️  get_state: 1μs
⏱️  get_state: 1μs
⏱️  get_state: 1μs
⏱️  get_state: 1μs
⏱️  get_state: 1μs
⏱️  get_global_state: 77μs
🎯 初始化自我学习系统
✅ 自我学习系统初始化完成
🔍 正在检查系统漏洞...
⏱️  get_state: 12μs
⏱️  _save_state: 1.2ms
⏱️  update_state: 1.2ms
✅ 系统安全检查通过
📊 正在分析代码质量...
📈 代码质量分析: 扫描 47 个文件，发现 990 个问题
[2026-05-05 08:55:27] [思考守护进程]   StopHook [health_check] 完成
[2026-05-05 09:25:27] [思考守护进程] 开始第 128 轮思考循环

============================================================
🧠 自我思考循环启动 [09:25:27]
============================================================
⏱️  get_state: 10μs
⏱️  get_state: 1μs
⏱️  get_state: 1μs
⏱️  get_state: 1μs
⏱️  get_state: 1μs
⏱️  get_state: 1μs
⏱️  get_state: 1μs
⏱️  get_state: 1μs
⏱️  get_state: 1μs
⏱️  get_state: 1μs
⏱️  get_global_state: 59μs
🎯 初始化自我学习系统
✅ 自我学习系统初始化完成
🔍 正在检查系统漏洞...
⏱️  get_state: 11μs
⏱️  _save_state: 725μs
⏱️  update_state: 738μs
✅ 系统安全检查通过
📊 正在分析代码质量...
📈 代码质量分析: 扫描 47 个文件，发现 990 个问题

  ────────────────────────────────────────
  📖 学习新知识 (5/120):
  📄⭐ 知识缺口: 数据结构与算法
     概念: 数据结构与算法, 知识缺口
  📄⭐ 知识缺口: 系统设计
     概念: 系统设计, 知识缺口
  📄⭐ 知识缺口: 计算机基础
     概念: 计算机基础, 知识缺口
  📄⭐ 知识缺口: 安全
     概念: 安全, 知识缺口
  📄⭐ crawler_learning_bridge 模块分析
     概念: crawler_learning_bridge, 模块分析, CrawlerLearningBridge
  ────────────────────────────────────────

  ────────────────────────────────────────
  📊 自我评估
  代码质量: 0 个问题 (stable)
  文档覆盖率: 0.0% | 类型标注: 0.0%
  知识: 2473/120 已学 (2060.8%)
  修改成功率: 100.0%
  ────────────────────────────────────────
  🎯 当前 1 个活跃目标

  ────────────────────────────────────────
  🔍 反思审计 (1 项)
  ⚠️ 重复模式: 1 个洞察与上轮完全相同
  ────────────────────────────────────────
  💡 学习触发了 3 个新问题
❓ 共 87 个好奇心问题

  ──────────────────────────────
  ❓ 函数缺少文档: ai_knowledge_crawler.py:main, ai_knowledge_crawler.py:__init__, content_studio.py:
⚠️  思考日志保存失败: Extra data: line 116269 column 2 (char 3402850)
[2026-05-05 09:25:28] [思考守护进程] 生成了 1 个洞察
[2026-05-05 09:25:28] [思考守护进程]   跳过修复: 重要性 0.0 < 阈值 0.7
[2026-05-05 09:25:28] [思考守护进程] 第 128 轮完成 (1s) | 连续失败: 0
[2026-05-05 09:55:28] [思考守护进程] 开始第 129 轮思考循环

============================================================
🧠 自我思考循环启动 [09:55:28]
============================================================
⏱️  _load_state: 349μs
⏱️  get_state: 387μs
⏱️  _load_state: 206μs
⏱️  get_state: 222μs
⏱️  _load_state: 178μs
⏱️  get_state: 192μs
⏱️  _load_state: 615μs
⏱️  get_state: 735μs
⏱️  _load_state: 185μs
⏱️  get_state: 199μs
⏱️  _load_state: 215μs
⏱️  get_state: 237μs
⏱️  _load_state: 172μs
⏱️  get_state: 186μs
⏱️  _load_state: 9.1ms
⏱️  get_state: 9.9ms
⏱️  _load_state: 7.3ms
⏱️  get_state: 7.4ms
⏱️  _load_state: 228μs
⏱️  get_state: 246μs
⏱️  get_global_state: 20.4ms
🎯 初始化自我学习系统
✅ 自我学习系统初始化完成
🔍 正在检查系统漏洞...
⏱️  get_state: 12μs
⏱️  _save_state: 934μs
⏱️  update_state: 951μs
✅ 系统安全检查通过
📊 正在分析代码质量...
📈 代码质量分析: 扫描 47 个文件，发现 990 个问题

  ────────────────────────────────────────
  📊 自我评估
  代码质量: 0 个问题 (stable)
  文档覆盖率: 0.0% | 类型标注: 0.0%
  知识: 2474/120 已学 (2061.7%)
  修改成功率: 100.0%
  ────────────────────────────────────────
  🎯 当前 1 个活跃目标

  ────────────────────────────────────────
  🔍 反思审计 (1 项)
  🔧 待验证修复: ai_knowledge_crawler.py,content_studio.py,crawler_
  ────────────────────────────────────────
❓ 共 84 个好奇心问题

  ──────────────────────────────
  ❓ watchdog.py 有 2 个函数但几乎没文档，为什么？
⚠️  思考日志保存失败: Extra data: line 116269 column 2 (char 3402850)
[2026-05-05 09:55:29] [思考守护进程] 生成了 1 个洞察
[2026-05-05 09:55:29] [思考守护进程]   跳过修复: 重要性 0.0 < 阈值 0.7
[2026-05-05 09:55:29] [思考守护进程] 第 129 轮完成 (1s) | 连续失败: 0
⏱️  get_state: 9μs
⏱️  get_state: 2μs
⏱️  get_state: 1μs
⏱️  get_state: 1μs
⏱️  get_state: 1μs
⏱️  get_state: 1μs
⏱️  get_state: 1μs
⏱️  get_state: 1μs
⏱️  get_state: 1μs
⏱️  get_state: 1μs
⏱️  get_global_state: 60μs
🎯 初始化自我学习系统
✅ 自我学习系统初始化完成
🔍 正在检查系统漏洞...
⏱️  get_state: 10μs
⏱️  _save_state: 685μs
⏱️  update_state: 698μs
✅ 系统安全检查通过
📊 正在分析代码质量...
📈 代码质量分析: 扫描 47 个文件，发现 990 个问题
[2026-05-05 09:55:30] [思考守护进程]   StopHook [health_check] 完成
[2026-05-05 10:25:30] [思考守护进程] 开始第 130 轮思考循环

============================================================
🧠 自我思考循环启动 [10:25:30]
============================================================
⏱️  get_state: 13μs
⏱️  get_state: 3μs
⏱️  get_state: 2μs
⏱️  get_state: 2μs
⏱️  get_state: 2μs
⏱️  get_state: 1μs
⏱️  get_state: 2μs
⏱️  get_state: 2μs
⏱️  get_state: 2μs
⏱️  get_state: 2μs
⏱️  get_global_state: 358μs
🎯 初始化自我学习系统
✅ 自我学习系统初始化完成
🔍 正在检查系统漏洞...
⏱️  get_state: 12μs
⏱️  _save_state: 1.2ms
⏱️  update_state: 1.2ms
✅ 系统安全检查通过
📊 正在分析代码质量...
📈 代码质量分析: 扫描 47 个文件，发现 990 个问题

  ────────────────────────────────────────
  📊 自我评估
  代码质量: 0 个问题 (stable)
  文档覆盖率: 0.0% | 类型标注: 0.0%
  知识: 2475/120 已学 (2062.5%)
  修改成功率: 100.0%
  ────────────────────────────────────────
  🎯 当前 1 个活跃目标
❓ 共 84 个好奇心问题

  ──────────────────────────────
  ❓ watchdog.py 有 2 个函数但几乎没文档，为什么？
⚠️  思考日志保存失败: Extra data: line 116269 column 2 (char 3402850)
[2026-05-05 10:25:31] [思考守护进程] 生成了 1 个洞察
[2026-05-05 10:25:31] [思考守护进程]   跳过修复: 重要性 0.0 < 阈值 0.7
[2026-05-05 10:25:31] [思考守护进程] 第 130 轮完成 (1s) | 连续失败: 0
[2026-05-05 10:55:32] [思考守护进程] 开始第 131 轮思考循环

============================================================
🧠 自我思考循环启动 [10:55:32]
============================================================
⏱️  _load_state: 398μs
⏱️  get_state: 439μs
⏱️  _load_state: 216μs
⏱️  get_state: 236μs
⏱️  _load_state: 199μs
⏱️  get_state: 215μs
⏱️  _load_state: 791μs
⏱️  get_state: 922μs
⏱️  _load_state: 256μs
⏱️  get_state: 277μs
⏱️  _load_state: 259μs
⏱️  get_state: 284μs
⏱️  _load_state: 201μs
⏱️  get_state: 217μs
⏱️  _load_state: 3.1ms
⏱️  get_state: 4.1ms
⏱️  _load_state: 485μs
⏱️  get_state: 543μs
⏱️  _load_state: 260μs
⏱️  get_state: 288μs
⏱️  get_global_state: 7.6ms
🎯 初始化自我学习系统
✅ 自我学习系统初始化完成
🔍 正在检查系统漏洞...
⏱️  get_state: 14μs
⏱️  _save_state: 1.0ms
⏱️  update_state: 1.1ms
✅ 系统安全检查通过
📊 正在分析代码质量...
📈 代码质量分析: 扫描 47 个文件，发现 990 个问题

  ────────────────────────────────────────
  📊 自我评估
  代码质量: 0 个问题 (stable)
  文档覆盖率: 0.0% | 类型标注: 0.0%
  知识: 2505/120 已学 (2087.5%)
  修改成功率: 100.0%
  ────────────────────────────────────────
  🎯 当前 1 个活跃目标

  ────────────────────────────────────────
  🔍 反思审计 (1 项)
  ⚠️ 重复模式: 1 个洞察与上轮完全相同
  ────────────────────────────────────────
❓ 共 84 个好奇心问题

  ──────────────────────────────
  ❓ watchdog.py 有 2 个函数但几乎没文档，为什么？
⚠️  思考日志保存失败: Extra data: line 116269 column 2 (char 3402850)
[2026-05-05 10:55:33] [思考守护进程] 生成了 1 个洞察
[2026-05-05 10:55:33] [思考守护进程]   跳过修复: 重要性 0.0 < 阈值 0.7
[2026-05-05 10:55:33] [思考守护进程] 第 131 轮完成 (1s) | 连续失败: 0
⏱️  get_state: 10μs
⏱️  get_state: 2μs
⏱️  get_state: 1μs
⏱️  get_state: 1μs
⏱️  get_state: 1μs
⏱️  get_state: 1μs
⏱️  get_state: 1μs
⏱️  get_state: 1μs
⏱️  get_state: 1μs
⏱️  get_state: 1μs
⏱️  get_global_state: 68μs
🎯 初始化自我学习系统
✅ 自我学习系统初始化完成
🔍 正在检查系统漏洞...
⏱️  get_state: 12μs
⏱️  _save_state: 889μs
⏱️  update_state: 905μs
✅ 系统安全检查通过
📊 正在分析代码质量...
📈 代码质量分析: 扫描 47 个文件，发现 990 个问题
[2026-05-05 10:55:34] [思考守护进程]   StopHook [health_check] 完成
[2026-05-05 11:25:34] [思考守护进程] 开始第 132 轮思考循环

============================================================
🧠 自我思考循环启动 [11:25:34]
============================================================
⏱️  get_state: 10μs
⏱️  get_state: 1μs
⏱️  get_state: 1μs
⏱️  get_state: 1μs
⏱️  get_state: 1μs
⏱️  get_state: 1μs
⏱️  get_state: 1μs
⏱️  get_state: 1μs
⏱️  get_state: 1μs
⏱️  get_state: 1μs
⏱️  get_global_state: 60μs
🎯 初始化自我学习系统
✅ 自我学习系统初始化完成
🔍 正在检查系统漏洞...
⏱️  get_state: 11μs
⏱️  _save_state: 838μs
⏱️  update_state: 855μs
✅ 系统安全检查通过
📊 正在分析代码质量...
📈 代码质量分析: 扫描 47 个文件，发现 990 个问题

  ────────────────────────────────────────
  📊 自我评估
  代码质量: 0 个问题 (stable)
  文档覆盖率: 0.0% | 类型标注: 0.0%
  知识: 2535/120 已学 (2112.5%)
  修改成功率: 100.0%
  ────────────────────────────────────────
  🎯 当前 1 个活跃目标

  ────────────────────────────────────────
  🔍 反思审计 (1 项)
  ⚠️ 重复模式: 1 个洞察与上轮完全相同
  ────────────────────────────────────────
❓ 共 85 个好奇心问题

  ──────────────────────────────
  ❓ watchdog.py 有 2 个函数但几乎没文档，为什么？
⚠️  思考日志保存失败: Extra data: line 116269 column 2 (char 3402850)
[2026-05-05 11:25:34] [思考守护进程] 生成了 1 个洞察
[2026-05-05 11:25:34] [思考守护进程]   跳过修复: 重要性 0.0 < 阈值 0.7
[2026-05-05 11:25:34] [思考守护进程] 第 132 轮完成 (1s) | 连续失败: 0
[2026-05-05 11:55:35] [思考守护进程] 开始第 133 轮思考循环

============================================================
🧠 自我思考循环启动 [11:55:35]
============================================================
⏱️  _load_state: 2.0ms
⏱️  get_state: 2.2ms
⏱️  _load_state: 203μs
⏱️  get_state: 525μs
⏱️  _load_state: 139μs
⏱️  get_state: 150μs
⏱️  _load_state: 860μs
⏱️  get_state: 2.2ms
⏱️  _load_state: 151μs
⏱️  get_state: 162μs
⏱️  _load_state: 342μs
⏱️  get_state: 541μs
⏱️  _load_state: 136μs
⏱️  get_state: 148μs
⏱️  _load_state: 8.2ms
⏱️  get_state: 10.5ms
⏱️  _load_state: 6.3ms
⏱️  get_state: 6.5ms
⏱️  _load_state: 207μs
⏱️  get_state: 222μs
⏱️  get_global_state: 23.3ms
🎯 初始化自我学习系统
✅ 自我学习系统初始化完成
🔍 正在检查系统漏洞...
⏱️  get_state: 9μs
⏱️  _save_state: 908μs
⏱️  update_state: 921μs
✅ 系统安全检查通过
📊 正在分析代码质量...
📈 代码质量分析: 扫描 47 个文件，发现 990 个问题

  ────────────────────────────────────────
  📖 学习新知识 (5/120):
  📄⭐ 知识缺口: 数据结构与算法
     概念: 数据结构与算法, 知识缺口
  📄⭐ 知识缺口: 系统设计
     概念: 系统设计, 知识缺口
  📄⭐ 知识缺口: 计算机基础
     概念: 计算机基础, 知识缺口
  📄⭐ 知识缺口: 安全
     概念: 安全, 知识缺口
  📄⭐ crawler_learning_bridge 模块分析
     概念: crawler_learning_bridge, 模块分析, CrawlerLearningBridge
  ────────────────────────────────────────

  ────────────────────────────────────────
  📊 自我评估
  代码质量: 0 个问题 (stable)
  文档覆盖率: 0.0% | 类型标注: 0.0%
  知识: 2552/120 已学 (2126.7%)
  修改成功率: 100.0%
  ────────────────────────────────────────
  🎯 当前 1 个活跃目标

  ────────────────────────────────────────
  🔍 反思审计 (1 项)
  ⚠️ 重复模式: 1 个洞察与上轮完全相同
  ────────────────────────────────────────
  💡 学习触发了 3 个新问题
❓ 共 88 个好奇心问题

  ──────────────────────────────
  ❓ 函数缺少文档: ai_knowledge_crawler.py:main, ai_knowledge_crawler.py:__init__, content_studio.py:
⚠️  思考日志保存失败: Extra data: line 116269 column 2 (char 3402850)
[2026-05-05 11:55:36] [思考守护进程] 生成了 1 个洞察
[2026-05-05 11:55:36] [思考守护进程]   跳过修复: 重要性 0.0 < 阈值 0.7
[2026-05-05 11:55:36] [思考守护进程] 第 133 轮完成 (1s) | 连续失败: 0
⏱️  get_state: 11μs
⏱️  get_state: 2μs
⏱️  get_state: 1μs
⏱️  get_state: 1μs
⏱️  get_state: 1μs
⏱️  get_state: 1μs
⏱️  get_state: 1μs
⏱️  get_state: 1μs
⏱️  get_state: 1μs
⏱️  get_state: 1μs
⏱️  get_global_state: 67μs
🎯 初始化自我学习系统
✅ 自我学习系统初始化完成
🔍 正在检查系统漏洞...
⏱️  get_state: 10μs
⏱️  _save_state: 773μs
⏱️  update_state: 786μs
✅ 系统安全检查通过
📊 正在分析代码质量...
📈 代码质量分析: 扫描 47 个文件，发现 990 个问题
[2026-05-05 11:55:37] [思考守护进程]   StopHook [health_check] 完成
[2026-05-05 12:25:37] [思考守护进程] 开始第 134 轮思考循环

============================================================
🧠 自我思考循环启动 [12:25:37]
============================================================
⏱️  get_state: 9μs
⏱️  get_state: 2μs
⏱️  get_state: 1μs
⏱️  get_state: 1μs
⏱️  get_state: 1μs
⏱️  get_state: 1μs
⏱️  get_state: 1μs
⏱️  get_state: 1μs
⏱️  get_state: 1μs
⏱️  get_state: 1μs
⏱️  get_global_state: 58μs
🎯 初始化自我学习系统
✅ 自我学习系统初始化完成
🔍 正在检查系统漏洞...
⏱️  get_state: 10μs
⏱️  _save_state: 965μs
⏱️  update_state: 994μs
✅ 系统安全检查通过
📊 正在分析代码质量...
📈 代码质量分析: 扫描 47 个文件，发现 990 个问题

  ────────────────────────────────────────
  📖 学习新知识 (5/120):
  📄⭐ 知识缺口: 数据结构与算法
     概念: 数据结构与算法, 知识缺口
  📄⭐ 知识缺口: 系统设计
     概念: 系统设计, 知识缺口
  📄⭐ 知识缺口: 计算机基础
     概念: 计算机基础, 知识缺口
  📄⭐ 知识缺口: 安全
     概念: 安全, 知识缺口
  📄⭐ crawler_learning_bridge 模块分析
     概念: crawler_learning_bridge, 模块分析, CrawlerLearningBridge
  ────────────────────────────────────────

  ────────────────────────────────────────
  📊 自我评估
  代码质量: 0 个问题 (stable)
  文档覆盖率: 0.0% | 类型标注: 0.0%
  知识: 2558/120 已学 (2131.7%)
  修改成功率: 100.0%
  ────────────────────────────────────────
  🎯 当前 1 个活跃目标

  ────────────────────────────────────────
  🔍 反思审计 (1 项)
  🔧 待验证修复: ai_knowledge_crawler.py,content_studio.py,crawler_
  ────────────────────────────────────────
  💡 学习触发了 3 个新问题
❓ 共 88 个好奇心问题

  ──────────────────────────────
  ❓ 函数缺少文档: ai_knowledge_crawler.py:main, ai_knowledge_crawler.py:__init__, content_studio.py:
⚠️  思考日志保存失败: Extra data: line 116269 column 2 (char 3402850)
[2026-05-05 12:25:38] [思考守护进程] 生成了 1 个洞察
[2026-05-05 12:25:38] [思考守护进程]   跳过修复: 重要性 0.0 < 阈值 0.7
[2026-05-05 12:25:38] [思考守护进程] 第 134 轮完成 (1s) | 连续失败: 0
[2026-05-05 12:55:39] [思考守护进程] 开始第 135 轮思考循环

============================================================
🧠 自我思考循环启动 [12:55:39]
============================================================
⏱️  _load_state: 535μs
⏱️  get_state: 586μs
⏱️  _load_state: 721μs
⏱️  get_state: 753μs
⏱️  _load_state: 305μs
⏱️  get_state: 327μs
⏱️  _load_state: 1.3ms
⏱️  get_state: 1.4ms
⏱️  _load_state: 320μs
⏱️  get_state: 342μs
⏱️  _load_state: 530μs
⏱️  get_state: 571μs
⏱️  _load_state: 291μs
⏱️  get_state: 313μs
⏱️  _load_state: 11.7ms
⏱️  get_state: 12.5ms
⏱️  _load_state: 10.4ms
⏱️  get_state: 10.5ms
⏱️  _load_state: 357μs
⏱️  get_state: 383μs
⏱️  get_global_state: 27.8ms
🎯 初始化自我学习系统
✅ 自我学习系统初始化完成
🔍 正在检查系统漏洞...
⏱️  get_state: 15μs
⏱️  _save_state: 1.3ms
⏱️  update_state: 1.3ms
✅ 系统安全检查通过
📊 正在分析代码质量...
📈 代码质量分析: 扫描 47 个文件，发现 990 个问题

  ────────────────────────────────────────
  📊 自我评估
  代码质量: 0 个问题 (stable)
  文档覆盖率: 0.0% | 类型标注: 0.0%
  知识: 2564/120 已学 (2136.7%)
  修改成功率: 100.0%
  ────────────────────────────────────────
  🎯 当前 1 个活跃目标

  ────────────────────────────────────────
  🔍 反思审计 (2 项)
  ⚠️ 重复模式: 1 个洞察与上轮完全相同
  🔧 待验证修复: ai_knowledge_crawler.py,content_studio.py,crawler_
  ────────────────────────────────────────
❓ 共 85 个好奇心问题

  ──────────────────────────────
  ❓ watchdog.py 有 2 个函数但几乎没文档，为什么？
⚠️  思考日志保存失败: Extra data: line 116269 column 2 (char 3402850)
[2026-05-05 12:55:40] [思考守护进程] 生成了 1 个洞察
[2026-05-05 12:55:40] [思考守护进程]   跳过修复: 重要性 0.0 < 阈值 0.7
[2026-05-05 12:55:40] [思考守护进程] 第 135 轮完成 (2s) | 连续失败: 0
⏱️  get_state: 13μs
⏱️  get_state: 3μs
⏱️  get_state: 2μs
⏱️  get_state: 2μs
⏱️  get_state: 2μs
⏱️  get_state: 2μs
⏱️  get_state: 1μs
⏱️  get_state: 2μs
⏱️  get_state: 2μs
⏱️  get_state: 1μs
⏱️  get_global_state: 88μs
🎯 初始化自我学习系统
✅ 自我学习系统初始化完成
🔍 正在检查系统漏洞...
⏱️  get_state: 17μs
⏱️  _save_state: 1.4ms
⏱️  update_state: 1.4ms
✅ 系统安全检查通过
📊 正在分析代码质量...
📈 代码质量分析: 扫描 47 个文件，发现 990 个问题
[2026-05-05 12:55:42] [思考守护进程]   StopHook [health_check] 完成
[2026-05-05 13:25:41] [思考守护进程] 开始第 136 轮思考循环

============================================================
🧠 自我思考循环启动 [13:25:41]
============================================================
⏱️  get_state: 24μs
⏱️  get_state: 5μs
⏱️  get_state: 4μs
⏱️  get_state: 3μs
⏱️  get_state: 4μs
⏱️  get_state: 3μs
⏱️  get_state: 3μs
⏱️  get_state: 3μs
⏱️  get_state: 3μs
⏱️  get_state: 3μs
⏱️  get_global_state: 174μs
🎯 初始化自我学习系统
✅ 自我学习系统初始化完成
🔍 正在检查系统漏洞...
⏱️  get_state: 14μs
⏱️  _save_state: 1.4ms
⏱️  update_state: 1.4ms
✅ 系统安全检查通过
📊 正在分析代码质量...
📈 代码质量分析: 扫描 47 个文件，发现 990 个问题

  ────────────────────────────────────────
  📖 学习新知识 (5/120):
  📄⭐ 知识缺口: 数据结构与算法
     概念: 数据结构与算法, 知识缺口
  📄⭐ 知识缺口: 系统设计
     概念: 系统设计, 知识缺口
  📄⭐ 知识缺口: 计算机基础
     概念: 计算机基础, 知识缺口
  📄⭐ 知识缺口: 安全
     概念: 安全, 知识缺口
  📄⭐ crawler_learning_bridge 模块分析
     概念: crawler_learning_bridge, 模块分析, CrawlerLearningBridge
  ────────────────────────────────────────

  ────────────────────────────────────────
  📊 自我评估
  代码质量: 0 个问题 (stable)
  文档覆盖率: 0.0% | 类型标注: 0.0%
  知识: 2587/120 已学 (2155.8%)
  修改成功率: 100.0%
  ────────────────────────────────────────
  🎯 当前 1 个活跃目标
  💡 学习触发了 3 个新问题
❓ 共 88 个好奇心问题

  ──────────────────────────────
  ❓ 函数缺少文档: ai_knowledge_crawler.py:main, ai_knowledge_crawler.py:__init__, content_studio.py:
⚠️  思考日志保存失败: Extra data: line 116269 column 2 (char 3402850)
[2026-05-05 13:25:43] [思考守护进程] 生成了 1 个洞察
[2026-05-05 13:25:43] [思考守护进程]   跳过修复: 重要性 0.0 < 阈值 0.7
[2026-05-05 13:25:43] [思考守护进程] 第 136 轮完成 (2s) | 连续失败: 0
[2026-05-05 13:55:44] [思考守护进程] 开始第 137 轮思考循环

============================================================
🧠 自我思考循环启动 [13:55:44]
============================================================
⏱️  _load_state: 541μs
⏱️  get_state: 1.1ms
⏱️  _load_state: 197μs
⏱️  get_state: 230μs
⏱️  _load_state: 133μs
⏱️  get_state: 144μs
⏱️  _load_state: 578μs
⏱️  get_state: 917μs
⏱️  _load_state: 120μs
⏱️  get_state: 130μs
⏱️  _load_state: 286μs
⏱️  get_state: 332μs
⏱️  _load_state: 120μs
⏱️  get_state: 130μs
⏱️  _load_state: 16.2ms
⏱️  get_state: 18.2ms
⏱️  _load_state: 5.3ms
⏱️  get_state: 5.4ms
⏱️  _load_state: 206μs
⏱️  get_state: 221μs
⏱️  get_global_state: 26.8ms
🎯 初始化自我学习系统
✅ 自我学习系统初始化完成
🔍 正在检查系统漏洞...
⏱️  get_state: 12μs
⏱️  _save_state: 765μs
⏱️  update_state: 779μs
✅ 系统安全检查通过
📊 正在分析代码质量...
📈 代码质量分析: 扫描 48 个文件，发现 1006 个问题

  ────────────────────────────────────────
  📊 自我评估
  代码质量: 0 个问题 (stable)
  文档覆盖率: 0.0% | 类型标注: 0.0%
  知识: 2593/120 已学 (2160.8%)
  修改成功率: 100.0%
  ────────────────────────────────────────
  🎯 当前 1 个活跃目标

  ────────────────────────────────────────
  🔍 反思审计 (1 项)
  🔧 待验证修复: ai_knowledge_crawler.py,content_studio.py,crawler_
  ────────────────────────────────────────
❓ 共 88 个好奇心问题

  ──────────────────────────────
  ❓ watchdog.py 有 2 个函数但几乎没文档，为什么？
⚠️  思考日志保存失败: Extra data: line 116269 column 2 (char 3402850)
[2026-05-05 13:55:45] [思考守护进程] 生成了 1 个洞察